
Allocating common symbols
Common symbol       size              file

pwd_dentry          0x4               kernel/vfs/vfs.o
all_pcs             0x100             kernel/pc/pc.o
ready_group         0x1               kernel/pc/pc.o
MBR                 0x4               kernel/vfs/vfs.o
interrupts          0x20              arch/mips32/intr.o
kernel_start_pfn    0x4               kernel/mm/mybuddy.o
dir_data_buf        0x820             kernel/fs/fat/fat.o
cursor_col          0x4               kernel/driver/vga.o
shell               0x4               kernel/pc/pc.o
ready_table         0x8               kernel/pc/pc.o
root_dentry         0x4               kernel/vfs/vfs.o
cursor_location     0x4               usr/myvi.o
tempp               0x4               kernel/vfs/fat32.o
bootmmmap           0x8000            kernel/mm/mybootmm.o
fat_info            0x418             kernel/fs/fat/fat.o
file_create         0x4150            kernel/fs/fat/usr.o
wait_list           0x8               kernel/pc/pc.o
root_mnt            0x4               kernel/vfs/vfs.o
is_new_file         0x4               usr/myvi.o
syscalls            0x400             kernel/syscall/syscall.o
bmm                 0x90              kernel/mm/mybootmm.o
cursor_row          0x4               kernel/driver/vga.o
page_end            0x4               usr/myvi.o
filename            0x4               usr/myvi.o
ps_buffer_index     0x4               usr/ps.o
pwd_mnt             0x4               kernel/vfs/vfs.o
file                0x4150            usr/exec.o
dcache              0x4               kernel/vfs/vfscache.o
cur_pc              0x4               kernel/pc/pc.o
firstusercode_start
                    0x4               kernel/mm/mybootmm.o
filename11          0xd               kernel/fs/fat/fat.o
mode                0x4               usr/myvi.o
pcache              0x4               kernel/vfs/vfscache.o
buffer              0x1000            usr/myvi.o
mk_dir_buf          0x20              kernel/fs/fat/usr.o
err                 0x4               usr/myvi.o
new_alloc_empty     0x1000            kernel/fs/fat/fat.o
pre_cursor_freq     0x4               usr/myvi.o
lk                  0xc               usr/ps.o
exceptions          0x80              arch/mips32/exc.o
kernel_end_pfn      0x4               kernel/mm/mybuddy.o
buddy               0x54              kernel/mm/mybuddy.o
firstusercode_len   0x4               kernel/mm/mybootmm.o
dir_find            0x4150            kernel/fs/fat/dir.o
fat_buf             0x410             kernel/fs/fat/fat.o
icache              0x4               kernel/vfs/vfscache.o
pages               0x4               kernel/mm/mybuddy.o
kmalloc_caches      0x150             kernel/mm/myslab.o
ps_buffer           0x40              usr/ps.o

Discarded input sections

 .reginfo       0x0000000000000000       0x18 arch/mips32/start.o
 .reginfo       0x0000000000000000       0x18 arch/mips32/arch.o
 .MIPS.abiflags
                0x0000000000000000       0x18 arch/mips32/arch.o
 .reginfo       0x0000000000000000       0x18 arch/mips32/exc.o
 .MIPS.abiflags
                0x0000000000000000       0x18 arch/mips32/exc.o
 .reginfo       0x0000000000000000       0x18 arch/mips32/intr.o
 .MIPS.abiflags
                0x0000000000000000       0x18 arch/mips32/intr.o
 .reginfo       0x0000000000000000       0x18 arch/mips32/page.o
 .MIPS.abiflags
                0x0000000000000000       0x18 arch/mips32/page.o
 .reginfo       0x0000000000000000       0x18 kernel/driver/ps2.o
 .MIPS.abiflags
                0x0000000000000000       0x18 kernel/driver/ps2.o
 .reginfo       0x0000000000000000       0x18 kernel/driver/sd.o
 .MIPS.abiflags
                0x0000000000000000       0x18 kernel/driver/sd.o
 .reginfo       0x0000000000000000       0x18 kernel/driver/vga.o
 .MIPS.abiflags
                0x0000000000000000       0x18 kernel/driver/vga.o
 .reginfo       0x0000000000000000       0x18 kernel/fs/fat/debug.o
 .MIPS.abiflags
                0x0000000000000000       0x18 kernel/fs/fat/debug.o
 .reginfo       0x0000000000000000       0x18 kernel/fs/fat/dir.o
 .MIPS.abiflags
                0x0000000000000000       0x18 kernel/fs/fat/dir.o
 .reginfo       0x0000000000000000       0x18 kernel/fs/fat/fat.o
 .MIPS.abiflags
                0x0000000000000000       0x18 kernel/fs/fat/fat.o
 .reginfo       0x0000000000000000       0x18 kernel/fs/fat/usr.o
 .MIPS.abiflags
                0x0000000000000000       0x18 kernel/fs/fat/usr.o
 .reginfo       0x0000000000000000       0x18 kernel/fs/fat/utils.o
 .MIPS.abiflags
                0x0000000000000000       0x18 kernel/fs/fat/utils.o
 .reginfo       0x0000000000000000       0x18 kernel/fs/fscache/fscache.o
 .MIPS.abiflags
                0x0000000000000000       0x18 kernel/fs/fscache/fscache.o
 .reginfo       0x0000000000000000       0x18 kernel/init.o
 .MIPS.abiflags
                0x0000000000000000       0x18 kernel/init.o
 .reginfo       0x0000000000000000       0x18 kernel/lock/lock.o
 .MIPS.abiflags
                0x0000000000000000       0x18 kernel/lock/lock.o
 .reginfo       0x0000000000000000       0x18 kernel/mm/mybootmm.o
 .MIPS.abiflags
                0x0000000000000000       0x18 kernel/mm/mybootmm.o
 .reginfo       0x0000000000000000       0x18 kernel/mm/mybuddy.o
 .MIPS.abiflags
                0x0000000000000000       0x18 kernel/mm/mybuddy.o
 .reginfo       0x0000000000000000       0x18 kernel/mm/myslab.o
 .MIPS.abiflags
                0x0000000000000000       0x18 kernel/mm/myslab.o
 .reginfo       0x0000000000000000       0x18 kernel/pc/page.o
 .MIPS.abiflags
                0x0000000000000000       0x18 kernel/pc/page.o
 .reginfo       0x0000000000000000       0x18 kernel/pc/pc.o
 .MIPS.abiflags
                0x0000000000000000       0x18 kernel/pc/pc.o
 .reginfo       0x0000000000000000       0x18 kernel/syscall/syscall.o
 .MIPS.abiflags
                0x0000000000000000       0x18 kernel/syscall/syscall.o
 .reginfo       0x0000000000000000       0x18 kernel/syscall/syscall4.o
 .MIPS.abiflags
                0x0000000000000000       0x18 kernel/syscall/syscall4.o
 .reginfo       0x0000000000000000       0x18 kernel/time/time.o
 .MIPS.abiflags
                0x0000000000000000       0x18 kernel/time/time.o
 .reginfo       0x0000000000000000       0x18 kernel/vfs/ext2.o
 .MIPS.abiflags
                0x0000000000000000       0x18 kernel/vfs/ext2.o
 .reginfo       0x0000000000000000       0x18 kernel/vfs/fat32.o
 .MIPS.abiflags
                0x0000000000000000       0x18 kernel/vfs/fat32.o
 .reginfo       0x0000000000000000       0x18 kernel/vfs/mount.o
 .MIPS.abiflags
                0x0000000000000000       0x18 kernel/vfs/mount.o
 .reginfo       0x0000000000000000       0x18 kernel/vfs/open.o
 .MIPS.abiflags
                0x0000000000000000       0x18 kernel/vfs/open.o
 .reginfo       0x0000000000000000       0x18 kernel/vfs/read_write.o
 .MIPS.abiflags
                0x0000000000000000       0x18 kernel/vfs/read_write.o
 .reginfo       0x0000000000000000       0x18 kernel/vfs/usr.o
 .MIPS.abiflags
                0x0000000000000000       0x18 kernel/vfs/usr.o
 .reginfo       0x0000000000000000       0x18 kernel/vfs/utils.o
 .MIPS.abiflags
                0x0000000000000000       0x18 kernel/vfs/utils.o
 .reginfo       0x0000000000000000       0x18 kernel/vfs/vfs.o
 .MIPS.abiflags
                0x0000000000000000       0x18 kernel/vfs/vfs.o
 .reginfo       0x0000000000000000       0x18 kernel/vfs/vfscache.o
 .MIPS.abiflags
                0x0000000000000000       0x18 kernel/vfs/vfscache.o
 .reginfo       0x0000000000000000       0x18 kernel/vm/tlb.o
 .MIPS.abiflags
                0x0000000000000000       0x18 kernel/vm/tlb.o
 .reginfo       0x0000000000000000       0x18 kernel/vm/vm.o
 .MIPS.abiflags
                0x0000000000000000       0x18 kernel/vm/vm.o
 .reginfo       0x0000000000000000       0x18 utils/assert.o
 .MIPS.abiflags
                0x0000000000000000       0x18 utils/assert.o
 .reginfo       0x0000000000000000       0x18 utils/log.o
 .MIPS.abiflags
                0x0000000000000000       0x18 utils/log.o
 .reginfo       0x0000000000000000       0x18 utils/utils.o
 .MIPS.abiflags
                0x0000000000000000       0x18 utils/utils.o
 .reginfo       0x0000000000000000       0x18 usr/exec.o
 .MIPS.abiflags
                0x0000000000000000       0x18 usr/exec.o
 .reginfo       0x0000000000000000       0x18 usr/ls.o
 .MIPS.abiflags
                0x0000000000000000       0x18 usr/ls.o
 .reginfo       0x0000000000000000       0x18 usr/myvi.o
 .MIPS.abiflags
                0x0000000000000000       0x18 usr/myvi.o
 .reginfo       0x0000000000000000       0x18 usr/ps.o
 .MIPS.abiflags
                0x0000000000000000       0x18 usr/ps.o

Memory Configuration

Name             Origin             Length             Attributes
*default*        0x0000000000000000 0xffffffffffffffff

Linker script and memory map

                0x0000000080020000                . = 0x80020000

.interp
 *(.interp)

.gnu.version
 *(.gnu.version)

.gnu.version_d
 *(.gnu.version_d)

.gnu.version_r
 *(.gnu.version_r)

.rel.dyn        0x0000000080020000        0x0
 .rel.dyn       0x0000000080020000        0x0 kernel/vfs/ext2.o

.rel.init
 *(.rel.init)

.rela.init
 *(.rela.init)

.rel.text
 *(.rel.text)
 *(.rel.text.*)
 *(.rel.gnu.linkonce.t*)

.rela.text
 *(.rela.text)
 *(.rela.text.*)
 *(.rela.gnu.linkonce.t*)

.rel.fini
 *(.rel.fini)

.rela.fini
 *(.rela.fini)

.rel.rodata
 *(.rel.rodata)
 *(.rel.rodata.*)
 *(.rel.gnu.linkonce.r*)

.rela.rodata
 *(.rela.rodata)
 *(.rela.rodata.*)
 *(.rela.gnu.linkonce.r*)

.rel.data
 *(.rel.data)
 *(.rel.data.*)
 *(.rel.gnu.linkonce.d*)

.rela.data
 *(.rela.data)
 *(.rela.data.*)
 *(.rela.gnu.linkonce.d*)

.rel.ctors
 *(.rel.ctors)

.rela.ctors
 *(.rela.ctors)

.rel.dtors
 *(.rel.dtors)

.rela.dtors
 *(.rela.dtors)

.rel.got
 *(.rel.got)

.rela.got
 *(.rela.got)

.rel.sdata
 *(.rel.sdata)
 *(.rel.sdata1)
 *(.rel.sdata.*)
 *(.rel.gnu.linkonce.s*)

.rela.sdata
 *(.rela.sdata)
 *(.rela.sdata1)
 *(.rela.sdata.*)
 *(.rela.gnu.linkonce.s*)

.rel.sbss
 *(.rel.sbss)

.rela.sbss
 *(.rela.sbss)

.rel.sdata2
 *(.rel.sdata2)

.rela.sdata2
 *(.rela.sdata2)

.rel.sbss2
 *(.rel.sbss2)

.rela.sbss2
 *(.rela.sbss2)

.rel.bss
 *(.rel.bss)

.rela.bss
 *(.rela.bss)

.rel.plt
 *(.rel.plt)

.rela.plt
 *(.rela.plt)

.plt
 *(.plt)
                0x0000000080000000                . = 0x80000000

.text           0x0000000080000000    0x189a8
                0x0000000080000000                _ftext = .
 *(.text)
 .text          0x0000000080000000     0x1014 arch/mips32/start.o
                0x0000000080000000                exception
                0x0000000080001000                start
 .text          0x0000000080001014       0x24 arch/mips32/arch.o
                0x0000000080001014                get_phymm_size
 .text          0x0000000080001038      0x83c arch/mips32/exc.o
                0x0000000080001038                tlb_refill
                0x00000000800016ac                do_exceptions
                0x00000000800017f0                register_exception_handler
                0x0000000080001844                init_exception
 .text          0x0000000080001874      0x200 arch/mips32/intr.o
                0x0000000080001874                init_interrupts
                0x00000000800018ac                enable_interrupts
                0x00000000800018e8                disable_interrupts
                0x0000000080001928                do_interrupts
                0x00000000800019fc                register_interrupt_handler
 .text          0x0000000080001a74       0x64 arch/mips32/page.o
                0x0000000080001a74                init_pgtable
 .text          0x0000000080001ad8      0x5d4 kernel/driver/ps2.o
                0x0000000080001ad8                init_buffer
                0x0000000080001b60                init_ps2
                0x0000000080001bbc                ps2_handler
                0x0000000080001eb8                kernel_getkey
                0x0000000080001f68                kernel_scantoascii
                0x000000008000200c                sleep
                0x000000008000204c                kernel_getchar
 .text          0x00000000800020ac      0x490 kernel/driver/sd.o
                0x000000008000215c                sd_read_sector_blocking
                0x0000000080002294                sd_write_sector_blocking
                0x00000000800023d4                sd_read_block
                0x0000000080002488                sd_write_block
 .text          0x000000008000253c      0x9a8 kernel/driver/vga.o
                0x000000008000253c                kernel_set_cursor
                0x0000000080002594                init_vga
                0x00000000800025e8                kernel_clear_screen
                0x0000000080002660                kernel_scroll_screen
                0x0000000080002700                kernel_putchar_at
                0x00000000800027ac                kernel_putchar
                0x0000000080002998                kernel_puts
                0x0000000080002a1c                kernel_putint
                0x0000000080002b7c                kernel_putintx
                0x0000000080002c44                kernel_vprintf
                0x0000000080002e80                kernel_printf
 .text          0x0000000080002ee4        0x0 kernel/fs/fat/debug.o
 .text          0x0000000080002ee4      0x640 kernel/fs/fat/dir.o
                0x0000000080002ee4                fs_open_dir
                0x0000000080003140                fs_read_dir
 .text          0x0000000080003524     0x2d2c kernel/fs/fat/fat.o
                0x0000000080003524                init_fat_info
                0x000000008000385c                init_fat_buf
                0x00000000800038f8                init_dir_buf
                0x0000000080003994                init_fs
                0x0000000080003a0c                write_fat_sector
                0x0000000080003be4                read_fat_sector
                0x0000000080003db8                fs_next_slash
                0x0000000080004050                fs_cmp_filename
                0x00000000800040d8                fs_find
                0x00000000800045dc                fs_open
                0x0000000080004770                fs_fflush
                0x00000000800048e4                fs_close
                0x0000000080004a88                fs_read
                0x0000000080004e48                fs_next_free
                0x0000000080004f18                fs_alloc
                0x0000000080005100                fs_write
                0x0000000080005738                fs_lseek
                0x00000000800057a4                fs_find_empty_entry
                0x0000000080005b10                fs_create_with_attr
                0x0000000080005f6c                fs_create
                0x0000000080005fa8                get_filename
 .text          0x0000000080006250      0x7f0 kernel/fs/fat/usr.o
                0x0000000080006250                fs_rm
                0x0000000080006394                fs_mv
                0x00000000800065a4                fs_mkdir
                0x0000000080006948                fs_cat
 .text          0x0000000080006a40      0x468 kernel/fs/fat/utils.o
                0x0000000080006a40                fs_wa
                0x0000000080006a9c                get_entry_filesize
                0x0000000080006adc                get_entry_attr
                0x0000000080006b0c                get_start_cluster
                0x0000000080006b48                get_fat_entry_value
                0x0000000080006c18                fs_modify_fat
                0x0000000080006d5c                cluster_to_fat_entry
                0x0000000080006dd8                fs_dataclus2sec
                0x0000000080006e40                fs_sec2dataclus
 .text          0x0000000080006ea8      0xcd8 kernel/fs/fscache/fscache.o
                0x0000000080006ea8                fs_victim_4k
                0x00000000800070fc                fs_write_4k
                0x00000000800071b4                fs_read_4k
                0x00000000800073d8                fs_clr_4k
                0x000000008000752c                fs_victim_512
                0x0000000080007780                fs_write_512
                0x000000008000782c                fs_read_512
                0x0000000080007a40                fs_clr_512
 .text          0x0000000080007b80      0x2d4 kernel/init.o
                0x0000000080007b80                machine_info
                0x0000000080007c0c                create_startup_process
                0x0000000080007c90                init_kernel
 .text          0x0000000080007e54      0x150 kernel/lock/lock.o
                0x0000000080007e94                init_lock
                0x0000000080007ee0                lockup
                0x0000000080007f3c                unlock
 .text          0x0000000080007fa4     0x102c kernel/mm/mybootmm.o
                0x0000000080007fa4                set_mminfo
                0x0000000080007ffc                insert_mminfo
                0x0000000080008364                split_mminfo
                0x0000000080008554                remove_mminfo
                0x000000008000865c                init_bootmm
                0x00000000800087b0                set_maps
                0x000000008000882c                find_pages
                0x0000000080008a14                bootmm_alloc_pages
                0x0000000080008b6c                bootmap_info
                0x0000000080008c78                bootmm_free_pages
 .text          0x0000000080008fd0      0xc34 kernel/mm/mybuddy.o
                0x000000008000919c                buddy_info
                0x0000000080009278                init_pages
                0x00000000800093b4                init_buddy
                0x0000000080009664                __free_pages
                0x00000000800098f8                __alloc_pages
                0x0000000080009ae4                alloc_pages
                0x0000000080009ba0                free_pages
 .text          0x0000000080009c04      0xc10 kernel/mm/myslab.o
                0x0000000080009e40                init_kmem_cpu
                0x0000000080009e70                init_kmem_node
                0x0000000080009ec4                init_each_slab
                0x0000000080009f4c                init_slab
                0x0000000080009fe4                format_slabpage
                0x000000008000a09c                slab_alloc
                0x000000008000a320                slab_free
                0x000000008000a4e4                get_slab
                0x000000008000a5e8                kmalloc
                0x000000008000a660                phy_kmalloc
                0x000000008000a754                kfree
 .text          0x000000008000a814      0x2c0 kernel/pc/page.o
                0x000000008000a814                do_one_mapping
                0x000000008000aa1c                do_mapping
 .text          0x000000008000aad4     0x1514 kernel/pc/pc.o
                0x000000008000ac78                init_pc
                0x000000008000adc4                idle
                0x000000008000ae10                exec_from_kernel
                0x000000008000aee0                create_pc
                0x000000008000b0cc                kill_pc
                0x000000008000b1bc                activate_mm
                0x000000008000b1e4                pc_files_delete
                0x000000008000b20c                print_all_pcs
                0x000000008000b320                print_wait
                0x000000008000b3b0                entry
                0x000000008000b540                wait_for_newpc
                0x000000008000b62c                end_pc
                0x000000008000b6a0                pc_schedule
                0x000000008000b84c                cal_prio
                0x000000008000b958                turn_to_ready
                0x000000008000ba04                turn_to_unready
                0x000000008000bbc0                find_next
                0x000000008000bc50                find_by_id
                0x000000008000bd08                change_prio
 .text          0x000000008000bfe8      0x14c kernel/syscall/syscall.o
                0x000000008000bfe8                init_syscall
                0x000000008000c03c                syscall
                0x000000008000c0e0                register_syscall
 .text          0x000000008000c134       0x70 kernel/syscall/syscall4.o
                0x000000008000c134                syscall4
 .text          0x000000008000c1a4      0x4c0 kernel/time/time.o
                0x000000008000c1a4                get_time_string
                0x000000008000c4cc                system_time_proc
                0x000000008000c5d8                get_time
 .text          0x000000008000c664     0x25bc kernel/vfs/ext2.o
                0x000000008000c77c                init_ext2
                0x000000008000ce94                ext2_delete_inode
                0x000000008000d764                ext2_write_inode
                0x000000008000d928                ext2_inode_lookup
                0x000000008000dda4                ext2_create
                0x000000008000ddd8                ext2_readdir
                0x000000008000e268                ext2_readpage
                0x000000008000e384                ext2_writepage
                0x000000008000e440                ext2_bmap
                0x000000008000e7b4                ext2_fill_inode
                0x000000008000e9dc                ext2_check_inode_bitmap
                0x000000008000eafc                ext2_group_base_sect
 .text          0x000000008000ec20     0x2848 kernel/vfs/fat32.o
                0x000000008000ed38                init_fat32
                0x000000008000f734                fat32_delete_inode
                0x000000008000fafc                fat32_write_inode
                0x000000008000fef8                fat32_inode_lookup
                0x0000000080010514                fat32_create
                0x0000000080010548                fat32_readdir
                0x0000000080010a34                fat32_convert_filename
                0x00000000800111a0                fat32_readpage
                0x00000000800112a0                fat32_writepage
                0x0000000080011364                fat32_bmap
                0x00000000800113a4                read_fat
 .text          0x0000000080011468      0x2bc kernel/vfs/mount.o
                0x0000000080011468                mount_ext2
                0x00000000800115a4                follow_mount
                0x0000000080011680                lookup_mnt
 .text          0x0000000080011724     0x12d8 kernel/vfs/open.o
                0x0000000080011898                vfs_open
                0x0000000080011950                open_namei
                0x0000000080011bfc                __lookup_hash
                0x0000000080011d10                path_lookup
                0x0000000080011dd8                link_path_walk
                0x000000008001234c                follow_dotdot
                0x0000000080012488                do_lookup
                0x0000000080012594                real_lookup
                0x0000000080012658                dentry_open
                0x0000000080012774                vfs_close
                0x00000000800127d8                d_alloc
 .text          0x00000000800129fc      0xbb0 kernel/vfs/read_write.o
                0x0000000080012aec                vfs_read
                0x0000000080012ba0                vfs_write
                0x0000000080012c54                generic_file_read
                0x0000000080013090                generic_file_write
                0x00000000800134ec                generic_file_flush
 .text          0x00000000800135ac      0x5d8 kernel/vfs/usr.o
                0x0000000080013624                vfs_cat
                0x0000000080013784                vfs_cd
                0x0000000080013828                vfs_ls
                0x0000000080013ab0                vfs_rm
 .text          0x0000000080013b84      0x448 kernel/vfs/utils.o
                0x0000000080013b84                read_block
                0x0000000080013bcc                write_block
                0x0000000080013c14                get_u16
                0x0000000080013c64                get_u32
                0x0000000080013cd0                set_u16
                0x0000000080013d2c                set_u32
                0x0000000080013db0                generic_compare_filename
                0x0000000080013e74                get_bit
                0x0000000080013ee0                set_bit
                0x0000000080013f50                reset_bit
 .text          0x0000000080013fcc      0x324 kernel/vfs/vfs.o
                0x0000000080013fcc                init_vfs
                0x00000000800141b4                vfs_read_MBR
 .text          0x00000000800142f0      0xeac kernel/vfs/vfscache.o
                0x0000000080014494                init_cache
                0x000000008001461c                cache_init
                0x00000000800146fc                cache_is_full
                0x000000008001473c                dcache_look_up
                0x00000000800148d8                dcache_add
                0x00000000800149b4                dcache_put_LRU
                0x0000000080014b80                icache_look_up
                0x0000000080014bac                icache_add
                0x0000000080014bd8                icache_put_LRU
                0x0000000080014c00                pcache_look_up
                0x0000000080014d78                pcache_add
                0x0000000080014e54                pcache_put_LRU
                0x0000000080014f24                pcache_write_back
                0x0000000080014f78                dget
                0x0000000080014fb4                dput
                0x0000000080014ff0                release_dentry
                0x000000008001502c                release_inode
                0x0000000080015068                release_page
                0x00000000800150b8                __intHash
                0x00000000800150f8                __stringHash
 .text          0x000000008001519c       0x24 kernel/vm/tlb.o
                0x000000008001519c                set_tlb_asid
 .text          0x00000000800151c0      0xa44 kernel/vm/vm.o
                0x00000000800151c0                mm_create
                0x0000000080015278                mm_delete
                0x00000000800152d4                pgd_delete
                0x00000000800153f8                find_vma
                0x00000000800154e0                find_vma_intersection
                0x0000000080015554                find_vma_and_prev
                0x0000000080015600                get_unmapped_area
                0x0000000080015748                find_vma_prepare
                0x00000000800157d0                insert_vma_struct
                0x0000000080015878                do_map
                0x000000008001595c                do_unmap
                0x0000000080015ab4                exit_mmap
                0x0000000080015b84                is_in_vma
 .text          0x0000000080015c04       0x60 utils/assert.o
                0x0000000080015c04                assert
 .text          0x0000000080015c64      0x27c utils/log.o
                0x0000000080015c64                log_level_adv
                0x0000000080015ca4                log_level_rec
                0x0000000080015ce0                log
                0x0000000080015e64                step
                0x0000000080015eb8                step_reset
 .text          0x0000000080015ee0      0x38c utils/utils.o
                0x0000000080015ee0                kernel_memcpy
                0x0000000080015f64                kernel_memset
                0x0000000080015f98                kernel_memset_word
                0x0000000080015ff8                kernel_strcmp
                0x0000000080016080                kernel_strcpy
                0x00000000800160dc                pow
                0x000000008001614c                kernel_cache
                0x0000000080016194                kernel_serial_puts
                0x00000000800161f0                kernel_serial_putc
                0x000000008001622c                is_bound
 .text          0x000000008001626c      0x1d0 usr/exec.o
                0x000000008001626c                exec
 .text          0x000000008001643c      0x370 usr/ls.o
                0x000000008001643c                cut_front_blank
                0x0000000080016508                strlen
                0x0000000080016560                each_param
                0x0000000080016620                ls
 .text          0x00000000800167ac     0x13b4 usr/myvi.o
                0x0000000080016824                myvi_init
                0x00000000800168a0                to_lower_case
                0x0000000080016900                mystrcpy
                0x000000008001695c                load_file
                0x0000000080016b74                save_file
                0x0000000080016c68                insert_key
                0x0000000080016d38                delete_key
                0x0000000080016dd0                put_char_on_screen
                0x0000000080016e48                screen_flush
                0x0000000080017254                get_key
                0x0000000080017288                page_location_last_line
                0x0000000080017328                page_location_next_line
                0x00000000800173c0                cursor_prev_line
                0x0000000080017498                cursor_next_line
                0x0000000080017534                do_command_mode
                0x000000008001775c                do_insert_mode
                0x0000000080017874                do_last_line_mode
                0x0000000080017a48                myvi
 .text          0x0000000080017b60      0xe48 usr/ps.o
                0x0000000080017b60                test_proc
                0x0000000080017bd4                testMem
                0x0000000080017ce8                testMem2
                0x0000000080017d0c                test_sync
                0x0000000080017db8                sync_demo_create
                0x0000000080017ddc                ps
                0x0000000080018028                parse_cmd
 *(.text.*)
 *(.stub)
 *(.gnu.warning)
 *(.gnu.linkonce.t*)
 *(.mips16.fn.*)
 *(.mips16.call.*)
                0x00000000800189a8                _ecode = .

.init
 *(.init)

.fini
 *(.fini)

.rodata         0x00000000800189a8      0xed9
 *(.rodata)
 .rodata        0x00000000800189a8      0x20c arch/mips32/exc.o
 .rodata        0x0000000080018bb4       0x11 kernel/driver/vga.o
 *fill*         0x0000000080018bc5        0x3 
 .rodata        0x0000000080018bc8       0xa7 kernel/fs/fat/fat.o
 *fill*         0x0000000080018c6f        0x1 
 .rodata        0x0000000080018c70       0x18 kernel/fs/fat/usr.o
 .rodata        0x0000000080018c88       0xe3 kernel/init.o
 *fill*         0x0000000080018d6b        0x1 
 .rodata        0x0000000080018d6c       0xd3 kernel/mm/mybootmm.o
 *fill*         0x0000000080018e3f        0x1 
 .rodata        0x0000000080018e40       0xa3 kernel/mm/mybuddy.o
 *fill*         0x0000000080018ee3        0x1 
 .rodata        0x0000000080018ee4       0x66 kernel/mm/myslab.o
 *fill*         0x0000000080018f4a        0x2 
 .rodata        0x0000000080018f4c      0x30c kernel/pc/pc.o
                0x0000000080018f4c                where_lowest1_table_for_8
 .rodata        0x0000000080019258       0x13 kernel/syscall/syscall4.o
 *fill*         0x000000008001926b        0x1 
 .rodata        0x000000008001926c       0x38 kernel/time/time.o
 .rodata        0x00000000800192a4        0xa kernel/vfs/ext2.o
 *fill*         0x00000000800192ae        0x2 
 .rodata        0x00000000800192b0        0xa kernel/vfs/fat32.o
 *fill*         0x00000000800192ba        0x2 
 .rodata        0x00000000800192bc        0x5 kernel/vfs/mount.o
 *fill*         0x00000000800192c1        0x3 
 .rodata        0x00000000800192c4       0x11 kernel/vfs/open.o
 *fill*         0x00000000800192d5        0x3 
 .rodata        0x00000000800192d8       0x62 kernel/vfs/usr.o
 *fill*         0x000000008001933a        0x2 
 .rodata        0x000000008001933c       0x5e kernel/vfs/vfs.o
 *fill*         0x000000008001939a        0x2 
 .rodata        0x000000008001939c       0x1b kernel/vm/vm.o
 *fill*         0x00000000800193b7        0x1 
 .rodata        0x00000000800193b8       0x14 utils/assert.o
 .rodata        0x00000000800193cc       0x77 utils/log.o
 *fill*         0x0000000080019443        0x1 
 .rodata        0x0000000080019444       0x13 usr/exec.o
 *fill*         0x0000000080019457        0x1 
 .rodata        0x0000000080019458       0x37 usr/ls.o
 *fill*         0x000000008001948f        0x1 
 .rodata        0x0000000080019490      0x156 usr/myvi.o
 *fill*         0x00000000800195e6        0x2 
 .rodata        0x00000000800195e8      0x299 usr/ps.o
 *(.rodata.*)
 *(.gnu.linkonce.r*)

.MIPS.abiflags  0x0000000080019888       0x18
 .MIPS.abiflags
                0x0000000080019888       0x18 arch/mips32/start.o

.rodata1
 *(.rodata1)

.sdata2
 *(.sdata2)

.sbss2
 *(.sbss2)

.sdeinit
 *(.sdeinit)

.sdefini
 *(.sdefini)

.eh_frame
 *(.eh_frame)

.gcc_except_table
 *(.gcc_except_table)

.ctors
 *crt0.o(.ctors)
 *crtbegin.o(.ctors)
 *crtbeginS.o(.ctors)
 *(EXCLUDE_FILE(*crtn.o *crtendS.o *crtend.o) .ctors)
 *(SORT(.ctors.*))
 *(.ctors)

.dtors
 *crt0.o(.dtors)
 *crtbegin.o(.dtors)
 *crtbeginS.o(.dtors)
 *(EXCLUDE_FILE(*crtn.o *crtendS.o *crtend.o) .dtors)
 *(SORT(.dtors.*))
 *(.dtors)

.dynamic
 *(.dynamic)

.dynsym
 *(.dynsym)

.hash
 *(.hash)

.dynstr
 *(.dynstr)
                0x00000000800198a0                __etext = .
                0x00000000800198a0                _etext = .
                [!provide]                        PROVIDE (etext, .)
                0x00000000800198a0                . = ALIGN (0x8)

.data           0x00000000800198a0      0x1d4
                0x00000000800198a0                _fdata = .
 *(.data)
 .data          0x00000000800198a0        0x0 arch/mips32/start.o
 .data          0x00000000800198a0        0x0 arch/mips32/arch.o
 .data          0x00000000800198a0        0x0 arch/mips32/exc.o
 .data          0x00000000800198a0        0x0 arch/mips32/intr.o
 .data          0x00000000800198a0        0x0 arch/mips32/page.o
 .data          0x00000000800198a0      0x100 kernel/driver/ps2.o
                0x00000000800198a0                scantoascii_uppercase
                0x0000000080019920                scantoascii_lowercase
 .data          0x00000000800199a0        0x0 kernel/driver/sd.o
 .data          0x00000000800199a0        0x0 kernel/driver/vga.o
 .data          0x00000000800199a0        0x0 kernel/fs/fat/debug.o
 .data          0x00000000800199a0        0x0 kernel/fs/fat/dir.o
 .data          0x00000000800199a0        0x0 kernel/fs/fat/fat.o
 .data          0x00000000800199a0        0x0 kernel/fs/fat/usr.o
 .data          0x00000000800199a0        0x0 kernel/fs/fat/utils.o
 .data          0x00000000800199a0        0x0 kernel/fs/fscache/fscache.o
 .data          0x00000000800199a0        0x0 kernel/init.o
 .data          0x00000000800199a0        0x0 kernel/lock/lock.o
 .data          0x00000000800199a0       0x1c kernel/mm/mybootmm.o
                0x00000000800199a0                mem_msg
 .data          0x00000000800199bc        0x0 kernel/mm/mybuddy.o
 .data          0x00000000800199bc       0x30 kernel/mm/myslab.o
 .data          0x00000000800199ec        0x0 kernel/pc/page.o
 .data          0x00000000800199ec        0x0 kernel/pc/pc.o
 .data          0x00000000800199ec        0x0 kernel/syscall/syscall.o
 .data          0x00000000800199ec        0x0 kernel/syscall/syscall4.o
 .data          0x00000000800199ec        0x0 kernel/time/time.o
 .data          0x00000000800199ec       0x2c kernel/vfs/ext2.o
                0x00000000800199ec                ext2_inode_operations
                0x00000000800199fc                ext2_file_operations
                0x0000000080019a0c                ext2_address_space_operations
 .data          0x0000000080019a18       0x2c kernel/vfs/fat32.o
                0x0000000080019a18                fat32_inode_operations
                0x0000000080019a28                fat32_file_operations
                0x0000000080019a38                fat32_address_space_operations
 .data          0x0000000080019a44        0x0 kernel/vfs/mount.o
 .data          0x0000000080019a44        0x0 kernel/vfs/open.o
 .data          0x0000000080019a44        0x0 kernel/vfs/read_write.o
 .data          0x0000000080019a44        0x0 kernel/vfs/usr.o
 .data          0x0000000080019a44        0x0 kernel/vfs/utils.o
 .data          0x0000000080019a44        0x0 kernel/vfs/vfs.o
 .data          0x0000000080019a44       0x30 kernel/vfs/vfscache.o
                0x0000000080019a44                dentry_cache_operations
                0x0000000080019a54                inode_cache_operations
                0x0000000080019a64                page_cache_operations
 .data          0x0000000080019a74        0x0 kernel/vm/tlb.o
 .data          0x0000000080019a74        0x0 kernel/vm/vm.o
 .data          0x0000000080019a74        0x0 utils/assert.o
 .data          0x0000000080019a74        0x0 utils/log.o
 .data          0x0000000080019a74        0x0 utils/utils.o
 .data          0x0000000080019a74        0x0 usr/exec.o
 .data          0x0000000080019a74        0x0 usr/ls.o
 .data          0x0000000080019a74        0x0 usr/myvi.o
 .data          0x0000000080019a74        0x0 usr/ps.o
 *(.data.*)
 *(.gnu.linkonce.d*)

.data1
 *(.data1)
                0x0000000080021a70                _gp = (ALIGN (0x10) + 0x7ff0)

.got
 *(.got.plt)
 *(.got)

.sdata          0x0000000080019a74       0x7c
 *(.sdata)
 .sdata         0x0000000080019a74       0x34 arch/mips32/arch.o
                0x0000000080019a74                CHAR_VRAM
                0x0000000080019a78                GRAPHIC_VRAM
                0x0000000080019a7c                GPIO_SWITCH
                0x0000000080019a80                GPIO_BUTTON
                0x0000000080019a84                GPIO_SEG
                0x0000000080019a88                GPIO_LED
                0x0000000080019a8c                GPIO_PS2_DATA
                0x0000000080019a90                GPIO_PS2_CTRL
                0x0000000080019a94                GPIO_UART_DATA
                0x0000000080019a98                GPIO_UART_CTRL
                0x0000000080019a9c                GPIO_CURSOR
                0x0000000080019aa0                VGA_MODE
                0x0000000080019aa4                kernel_sp
 .sdata         0x0000000080019aa8        0x4 kernel/driver/ps2.o
 .sdata         0x0000000080019aac        0x8 kernel/driver/sd.o
 .sdata         0x0000000080019ab4       0x18 kernel/driver/vga.o
                0x0000000080019ab4                VGA_CHAR_MAX_ROW
                0x0000000080019ab8                VGA_CHAR_MAX_COL
                0x0000000080019abc                VGA_CHAR_ROW
                0x0000000080019ac0                VGA_CHAR_COL
                0x0000000080019ac4                cursor_freq
 .sdata         0x0000000080019acc        0x8 kernel/pc/pc.o
                0x0000000080019acc                only_indexbit_is1_table_for_3
 .sdata         0x0000000080019ad4        0xc kernel/vfs/ext2.o
                0x0000000080019ad4                ext2_super_operations
                0x0000000080019adc                ext2_dentry_operations
 .sdata         0x0000000080019ae0        0xc kernel/vfs/fat32.o
                0x0000000080019ae0                fat32_super_operations
                0x0000000080019ae8                fat32_dentry_operations
 .sdata         0x0000000080019aec        0x4 usr/exec.o
                0x0000000080019aec                CACHE_BLOCK_SIZE
 *(.sdata1)
 *(.sdata.*)
 *(.gnu.linkonce.s.*)

.lit8
 *(.lit8)

.lit4
 *(.lit4)
                0x0000000080019af0                . = ALIGN (0x8)
                0x0000000080019af0                _edata = .
                [!provide]                        PROVIDE (edata, .)
                0x0000000080019af0                __bss_start = .
                [!provide]                        PROVIDE (__edata, .)
                0x0000000080019af0                _fbss = .

.sbss           0x0000000080019af0       0xb8
                0x0000000080019af0                __sbss_start = .
                0x0000000080019af0                ___sbss_start = .
 *(.dynsbss)
 *(.sbss)
 .sbss          0x0000000080019af0        0x8 arch/mips32/exc.o
                0x0000000080019af0                count
                0x0000000080019af4                count_2
 .sbss          0x0000000080019af8       0x14 kernel/driver/ps2.o
 .sbss          0x0000000080019b0c        0x8 kernel/fs/fat/fat.o
                0x0000000080019b0c                fat_clock_head
                0x0000000080019b10                dir_data_clock_head
 .sbss          0x0000000080019b14        0x4 kernel/pc/pc.o
 .sbss          0x0000000080019b18        0x8 utils/log.o
                0x0000000080019b18                gstep
 .sbss          0x0000000080019b20        0xc usr/myvi.o
                0x0000000080019b20                inst_len
                0x0000000080019b24                size
                0x0000000080019b28                page_location
 *(.sbss.*)
 *(.scommon)
 .scommon       0x0000000080019b2c        0x8 kernel/driver/vga.o
                0x0000000080019b2c                cursor_col
                0x0000000080019b30                cursor_row
 .scommon       0x0000000080019b34        0x8 kernel/mm/mybootmm.o
                0x0000000080019b34                firstusercode_start
                0x0000000080019b38                firstusercode_len
 .scommon       0x0000000080019b3c        0xc kernel/mm/mybuddy.o
                0x0000000080019b3c                kernel_start_pfn
                0x0000000080019b40                kernel_end_pfn
                0x0000000080019b44                pages
 .scommon       0x0000000080019b48       0x1c kernel/pc/pc.o
                0x0000000080019b48                ready_group
                0x0000000080019b4c                shell
                0x0000000080019b50                ready_table
                0x0000000080019b58                wait_list
                0x0000000080019b60                cur_pc
 .scommon       0x0000000080019b64        0x4 kernel/vfs/fat32.o
                0x0000000080019b64                tempp
 .scommon       0x0000000080019b68       0x14 kernel/vfs/vfs.o
                0x0000000080019b68                pwd_dentry
                0x0000000080019b6c                MBR
                0x0000000080019b70                root_dentry
                0x0000000080019b74                root_mnt
                0x0000000080019b78                pwd_mnt
 .scommon       0x0000000080019b7c        0xc kernel/vfs/vfscache.o
                0x0000000080019b7c                dcache
                0x0000000080019b80                pcache
                0x0000000080019b84                icache
 .scommon       0x0000000080019b88       0x1c usr/myvi.o
                0x0000000080019b88                cursor_location
                0x0000000080019b8c                is_new_file
                0x0000000080019b90                page_end
                0x0000000080019b94                filename
                0x0000000080019b98                mode
                0x0000000080019b9c                err
                0x0000000080019ba0                pre_cursor_freq
 .scommon       0x0000000080019ba4        0x4 usr/ps.o
                0x0000000080019ba4                ps_buffer_index
                0x0000000080019ba8                __sbss_end = .
                0x0000000080019ba8                ___sbss_end = .

.bss            0x0000000080019ba8    0x17dd8
 *(.dynbss)
 *(.bss)
 .bss           0x0000000080019ba8        0x0 arch/mips32/start.o
 .bss           0x0000000080019ba8        0x0 arch/mips32/arch.o
 .bss           0x0000000080019ba8        0x0 arch/mips32/exc.o
 .bss           0x0000000080019ba8        0x0 arch/mips32/intr.o
 .bss           0x0000000080019ba8        0x0 arch/mips32/page.o
 .bss           0x0000000080019ba8      0x100 kernel/driver/ps2.o
 .bss           0x0000000080019ca8        0x0 kernel/driver/sd.o
 .bss           0x0000000080019ca8        0x0 kernel/driver/vga.o
 .bss           0x0000000080019ca8        0x0 kernel/fs/fat/debug.o
 .bss           0x0000000080019ca8        0x0 kernel/fs/fat/dir.o
 .bss           0x0000000080019ca8        0x0 kernel/fs/fat/fat.o
 .bss           0x0000000080019ca8        0x0 kernel/fs/fat/usr.o
 .bss           0x0000000080019ca8        0x0 kernel/fs/fat/utils.o
 .bss           0x0000000080019ca8        0x0 kernel/fs/fscache/fscache.o
 .bss           0x0000000080019ca8        0x0 kernel/init.o
 .bss           0x0000000080019ca8        0x0 kernel/lock/lock.o
 .bss           0x0000000080019ca8        0x0 kernel/mm/mybootmm.o
 .bss           0x0000000080019ca8        0x0 kernel/mm/mybuddy.o
 .bss           0x0000000080019ca8        0x0 kernel/mm/myslab.o
 .bss           0x0000000080019ca8        0x0 kernel/pc/page.o
 .bss           0x0000000080019ca8        0x0 kernel/pc/pc.o
 .bss           0x0000000080019ca8        0x0 kernel/syscall/syscall.o
 .bss           0x0000000080019ca8        0x0 kernel/syscall/syscall4.o
 .bss           0x0000000080019ca8        0x0 kernel/time/time.o
 .bss           0x0000000080019ca8        0x0 kernel/vfs/ext2.o
 .bss           0x0000000080019ca8        0x0 kernel/vfs/fat32.o
 .bss           0x0000000080019ca8        0x0 kernel/vfs/mount.o
 .bss           0x0000000080019ca8        0x0 kernel/vfs/open.o
 .bss           0x0000000080019ca8        0x0 kernel/vfs/read_write.o
 .bss           0x0000000080019ca8        0x0 kernel/vfs/usr.o
 .bss           0x0000000080019ca8        0x0 kernel/vfs/utils.o
 .bss           0x0000000080019ca8        0x0 kernel/vfs/vfs.o
 .bss           0x0000000080019ca8        0x0 kernel/vfs/vfscache.o
 .bss           0x0000000080019ca8        0x0 kernel/vm/tlb.o
 .bss           0x0000000080019ca8        0x0 kernel/vm/vm.o
 .bss           0x0000000080019ca8        0x0 utils/assert.o
 .bss           0x0000000080019ca8        0x0 utils/log.o
 .bss           0x0000000080019ca8        0x0 utils/utils.o
 .bss           0x0000000080019ca8        0x0 usr/exec.o
 .bss           0x0000000080019ca8        0x0 usr/ls.o
 .bss           0x0000000080019ca8       0x50 usr/myvi.o
                0x0000000080019ca8                instruction
 .bss           0x0000000080019cf8        0x0 usr/ps.o
 *(.bss.*)
 *(COMMON)
 COMMON         0x0000000080019cf8       0x80 arch/mips32/exc.o
                0x0000000080019cf8                exceptions
 COMMON         0x0000000080019d78       0x20 arch/mips32/intr.o
                0x0000000080019d78                interrupts
 COMMON         0x0000000080019d98     0x4150 kernel/fs/fat/dir.o
                0x0000000080019d98                dir_find
 COMMON         0x000000008001dee8     0x2058 kernel/fs/fat/fat.o
                0x000000008001dee8                dir_data_buf
                0x000000008001e708                fat_info
                0x000000008001eb20                filename11
                0x000000008001eb30                new_alloc_empty
                0x000000008001fb30                fat_buf
 COMMON         0x000000008001ff40     0x4170 kernel/fs/fat/usr.o
                0x000000008001ff40                file_create
                0x0000000080024090                mk_dir_buf
 COMMON         0x00000000800240b0     0x8090 kernel/mm/mybootmm.o
                0x00000000800240b0                bootmmmap
                0x000000008002c0b0                bmm
 COMMON         0x000000008002c140       0x54 kernel/mm/mybuddy.o
                0x000000008002c140                buddy
 COMMON         0x000000008002c194      0x150 kernel/mm/myslab.o
                0x000000008002c194                kmalloc_caches
 COMMON         0x000000008002c2e4      0x100 kernel/pc/pc.o
                0x000000008002c2e4                all_pcs
 COMMON         0x000000008002c3e4      0x400 kernel/syscall/syscall.o
                0x000000008002c3e4                syscalls
 COMMON         0x000000008002c7e4     0x4150 usr/exec.o
                0x000000008002c7e4                file
 COMMON         0x0000000080030934     0x1000 usr/myvi.o
                0x0000000080030934                buffer
 COMMON         0x0000000080031934       0x4c usr/ps.o
                0x0000000080031934                lk
                0x0000000080031940                ps_buffer
                0x0000000080031980                . = ALIGN (0x4)
                0x0000000080031980                . = ALIGN (0x4)
                0x0000000080031980                _end = .
                [!provide]                        PROVIDE (__end, .)
                [!provide]                        PROVIDE (end, .)

.stab
 *(.stab)

.stabstr
 *(.stabstr)

.stab.excl
 *(.stab.excl)

.stab.exclstr
 *(.stab.exclstr)

.stab.index
 *(.stab.index)

.stab.indexstr
 *(.stab.indexstr)

.comment        0x0000000000000000       0x44
 *(.comment)
 .comment       0x0000000000000000       0x44 arch/mips32/arch.o
                                         0x45 (size before relaxing)
 .comment       0x0000000000000044       0x45 arch/mips32/exc.o
 .comment       0x0000000000000044       0x45 arch/mips32/intr.o
 .comment       0x0000000000000044       0x45 arch/mips32/page.o
 .comment       0x0000000000000044       0x45 kernel/driver/ps2.o
 .comment       0x0000000000000044       0x45 kernel/driver/sd.o
 .comment       0x0000000000000044       0x45 kernel/driver/vga.o
 .comment       0x0000000000000044       0x45 kernel/fs/fat/debug.o
 .comment       0x0000000000000044       0x45 kernel/fs/fat/dir.o
 .comment       0x0000000000000044       0x45 kernel/fs/fat/fat.o
 .comment       0x0000000000000044       0x45 kernel/fs/fat/usr.o
 .comment       0x0000000000000044       0x45 kernel/fs/fat/utils.o
 .comment       0x0000000000000044       0x45 kernel/fs/fscache/fscache.o
 .comment       0x0000000000000044       0x45 kernel/init.o
 .comment       0x0000000000000044       0x45 kernel/lock/lock.o
 .comment       0x0000000000000044       0x45 kernel/mm/mybootmm.o
 .comment       0x0000000000000044       0x45 kernel/mm/mybuddy.o
 .comment       0x0000000000000044       0x45 kernel/mm/myslab.o
 .comment       0x0000000000000044       0x45 kernel/pc/page.o
 .comment       0x0000000000000044       0x45 kernel/pc/pc.o
 .comment       0x0000000000000044       0x45 kernel/syscall/syscall.o
 .comment       0x0000000000000044       0x45 kernel/syscall/syscall4.o
 .comment       0x0000000000000044       0x45 kernel/time/time.o
 .comment       0x0000000000000044       0x45 kernel/vfs/ext2.o
 .comment       0x0000000000000044       0x45 kernel/vfs/fat32.o
 .comment       0x0000000000000044       0x45 kernel/vfs/mount.o
 .comment       0x0000000000000044       0x45 kernel/vfs/open.o
 .comment       0x0000000000000044       0x45 kernel/vfs/read_write.o
 .comment       0x0000000000000044       0x45 kernel/vfs/usr.o
 .comment       0x0000000000000044       0x45 kernel/vfs/utils.o
 .comment       0x0000000000000044       0x45 kernel/vfs/vfs.o
 .comment       0x0000000000000044       0x45 kernel/vfs/vfscache.o
 .comment       0x0000000000000044       0x45 kernel/vm/vm.o
 .comment       0x0000000000000044       0x45 utils/assert.o
 .comment       0x0000000000000044       0x45 utils/log.o
 .comment       0x0000000000000044       0x45 utils/utils.o
 .comment       0x0000000000000044       0x45 usr/exec.o
 .comment       0x0000000000000044       0x45 usr/ls.o
 .comment       0x0000000000000044       0x45 usr/myvi.o
 .comment       0x0000000000000044       0x45 usr/ps.o

.gnu.attributes
                0x0000000000000000       0x10
 .gnu.attributes
                0x0000000000000000       0x10 arch/mips32/start.o
 .gnu.attributes
                0x0000000000000010       0x10 arch/mips32/arch.o
 .gnu.attributes
                0x0000000000000020       0x10 arch/mips32/exc.o
 .gnu.attributes
                0x0000000000000030       0x10 arch/mips32/intr.o
 .gnu.attributes
                0x0000000000000040       0x10 arch/mips32/page.o
 .gnu.attributes
                0x0000000000000050       0x10 kernel/driver/ps2.o
 .gnu.attributes
                0x0000000000000060       0x10 kernel/driver/sd.o
 .gnu.attributes
                0x0000000000000070       0x10 kernel/driver/vga.o
 .gnu.attributes
                0x0000000000000080       0x10 kernel/fs/fat/debug.o
 .gnu.attributes
                0x0000000000000090       0x10 kernel/fs/fat/dir.o
 .gnu.attributes
                0x00000000000000a0       0x10 kernel/fs/fat/fat.o
 .gnu.attributes
                0x00000000000000b0       0x10 kernel/fs/fat/usr.o
 .gnu.attributes
                0x00000000000000c0       0x10 kernel/fs/fat/utils.o
 .gnu.attributes
                0x00000000000000d0       0x10 kernel/fs/fscache/fscache.o
 .gnu.attributes
                0x00000000000000e0       0x10 kernel/init.o
 .gnu.attributes
                0x00000000000000f0       0x10 kernel/lock/lock.o
 .gnu.attributes
                0x0000000000000100       0x10 kernel/mm/mybootmm.o
 .gnu.attributes
                0x0000000000000110       0x10 kernel/mm/mybuddy.o
 .gnu.attributes
                0x0000000000000120       0x10 kernel/mm/myslab.o
 .gnu.attributes
                0x0000000000000130       0x10 kernel/pc/page.o
 .gnu.attributes
                0x0000000000000140       0x10 kernel/pc/pc.o
 .gnu.attributes
                0x0000000000000150       0x10 kernel/syscall/syscall.o
 .gnu.attributes
                0x0000000000000160       0x10 kernel/syscall/syscall4.o
 .gnu.attributes
                0x0000000000000170       0x10 kernel/time/time.o
 .gnu.attributes
                0x0000000000000180       0x10 kernel/vfs/ext2.o
 .gnu.attributes
                0x0000000000000190       0x10 kernel/vfs/fat32.o
 .gnu.attributes
                0x00000000000001a0       0x10 kernel/vfs/mount.o
 .gnu.attributes
                0x00000000000001b0       0x10 kernel/vfs/open.o
 .gnu.attributes
                0x00000000000001c0       0x10 kernel/vfs/read_write.o
 .gnu.attributes
                0x00000000000001d0       0x10 kernel/vfs/usr.o
 .gnu.attributes
                0x00000000000001e0       0x10 kernel/vfs/utils.o
 .gnu.attributes
                0x00000000000001f0       0x10 kernel/vfs/vfs.o
 .gnu.attributes
                0x0000000000000200       0x10 kernel/vfs/vfscache.o
 .gnu.attributes
                0x0000000000000210       0x10 kernel/vm/tlb.o
 .gnu.attributes
                0x0000000000000220       0x10 kernel/vm/vm.o
 .gnu.attributes
                0x0000000000000230       0x10 utils/assert.o
 .gnu.attributes
                0x0000000000000240       0x10 utils/log.o
 .gnu.attributes
                0x0000000000000250       0x10 utils/utils.o
 .gnu.attributes
                0x0000000000000260       0x10 usr/exec.o
 .gnu.attributes
                0x0000000000000270       0x10 usr/ls.o
 .gnu.attributes
                0x0000000000000280       0x10 usr/myvi.o
 .gnu.attributes
                0x0000000000000290       0x10 usr/ps.o

.mdebug.abi32   0x0000000000000000        0x0
 .mdebug.abi32  0x0000000000000000        0x0 arch/mips32/arch.o
 .mdebug.abi32  0x0000000000000000        0x0 arch/mips32/exc.o
 .mdebug.abi32  0x0000000000000000        0x0 arch/mips32/intr.o
 .mdebug.abi32  0x0000000000000000        0x0 arch/mips32/page.o
 .mdebug.abi32  0x0000000000000000        0x0 kernel/driver/ps2.o
 .mdebug.abi32  0x0000000000000000        0x0 kernel/driver/sd.o
 .mdebug.abi32  0x0000000000000000        0x0 kernel/driver/vga.o
 .mdebug.abi32  0x0000000000000000        0x0 kernel/fs/fat/debug.o
 .mdebug.abi32  0x0000000000000000        0x0 kernel/fs/fat/dir.o
 .mdebug.abi32  0x0000000000000000        0x0 kernel/fs/fat/fat.o
 .mdebug.abi32  0x0000000000000000        0x0 kernel/fs/fat/usr.o
 .mdebug.abi32  0x0000000000000000        0x0 kernel/fs/fat/utils.o
 .mdebug.abi32  0x0000000000000000        0x0 kernel/fs/fscache/fscache.o
 .mdebug.abi32  0x0000000000000000        0x0 kernel/init.o
 .mdebug.abi32  0x0000000000000000        0x0 kernel/lock/lock.o
 .mdebug.abi32  0x0000000000000000        0x0 kernel/mm/mybootmm.o
 .mdebug.abi32  0x0000000000000000        0x0 kernel/mm/mybuddy.o
 .mdebug.abi32  0x0000000000000000        0x0 kernel/mm/myslab.o
 .mdebug.abi32  0x0000000000000000        0x0 kernel/pc/page.o
 .mdebug.abi32  0x0000000000000000        0x0 kernel/pc/pc.o
 .mdebug.abi32  0x0000000000000000        0x0 kernel/syscall/syscall.o
 .mdebug.abi32  0x0000000000000000        0x0 kernel/syscall/syscall4.o
 .mdebug.abi32  0x0000000000000000        0x0 kernel/time/time.o
 .mdebug.abi32  0x0000000000000000        0x0 kernel/vfs/ext2.o
 .mdebug.abi32  0x0000000000000000        0x0 kernel/vfs/fat32.o
 .mdebug.abi32  0x0000000000000000        0x0 kernel/vfs/mount.o
 .mdebug.abi32  0x0000000000000000        0x0 kernel/vfs/open.o
 .mdebug.abi32  0x0000000000000000        0x0 kernel/vfs/read_write.o
 .mdebug.abi32  0x0000000000000000        0x0 kernel/vfs/usr.o
 .mdebug.abi32  0x0000000000000000        0x0 kernel/vfs/utils.o
 .mdebug.abi32  0x0000000000000000        0x0 kernel/vfs/vfs.o
 .mdebug.abi32  0x0000000000000000        0x0 kernel/vfs/vfscache.o
 .mdebug.abi32  0x0000000000000000        0x0 kernel/vm/vm.o
 .mdebug.abi32  0x0000000000000000        0x0 utils/assert.o
 .mdebug.abi32  0x0000000000000000        0x0 utils/log.o
 .mdebug.abi32  0x0000000000000000        0x0 utils/utils.o
 .mdebug.abi32  0x0000000000000000        0x0 usr/exec.o
 .mdebug.abi32  0x0000000000000000        0x0 usr/ls.o
 .mdebug.abi32  0x0000000000000000        0x0 usr/myvi.o
 .mdebug.abi32  0x0000000000000000        0x0 usr/ps.o

.debug
 *(.debug)

.line
 *(.line)

.debug_srcinfo
 *(.debug_srcinfo)

.debug_sfnames
 *(.debug_sfnames)

.debug_aranges
 *(.debug_aranges)

.debug_pubnames
 *(.debug_pubnames)

.debug_info
 *(.debug_info)

.debug_abbrev
 *(.debug_abbrev)

.debug_line
 *(.debug_line)

.debug_frame
 *(.debug_frame)

.debug_str
 *(.debug_str)

.debug_loc
 *(.debug_loc)

.debug_macinfo
 *(.debug_macinfo)

.debug_weaknames
 *(.debug_weaknames)

.debug_funcnames
 *(.debug_funcnames)

.debug_typenames
 *(.debug_typenames)

.debug_varnames
 *(.debug_varnames)

/DISCARD/
 *(.reginfo)

.gptab.sdata
 *(.gptab.data)
 *(.gptab.sdata)

.gptab.sbss
 *(.gptab.bss)
 *(.gptab.sbss)

.pdr            0x0000000000000000     0x2860
 *(.pdr)
 .pdr           0x0000000000000000        0x0 arch/mips32/start.o
 .pdr           0x0000000000000000       0x20 arch/mips32/arch.o
 .pdr           0x0000000000000020       0x80 arch/mips32/exc.o
 .pdr           0x00000000000000a0       0xa0 arch/mips32/intr.o
 .pdr           0x0000000000000140       0x20 arch/mips32/page.o
 .pdr           0x0000000000000160       0xe0 kernel/driver/ps2.o
 .pdr           0x0000000000000240       0xa0 kernel/driver/sd.o
 .pdr           0x00000000000002e0      0x160 kernel/driver/vga.o
 .pdr           0x0000000000000440        0x0 kernel/fs/fat/debug.o
 .pdr           0x0000000000000440       0x40 kernel/fs/fat/dir.o
 .pdr           0x0000000000000480      0x2a0 kernel/fs/fat/fat.o
 .pdr           0x0000000000000720       0x80 kernel/fs/fat/usr.o
 .pdr           0x00000000000007a0      0x120 kernel/fs/fat/utils.o
 .pdr           0x00000000000008c0      0x100 kernel/fs/fscache/fscache.o
 .pdr           0x00000000000009c0       0x60 kernel/init.o
 .pdr           0x0000000000000a20       0x80 kernel/lock/lock.o
 .pdr           0x0000000000000aa0      0x140 kernel/mm/mybootmm.o
 .pdr           0x0000000000000be0      0x1a0 kernel/mm/mybuddy.o
 .pdr           0x0000000000000d80      0x240 kernel/mm/myslab.o
 .pdr           0x0000000000000fc0       0x40 kernel/pc/page.o
 .pdr           0x0000000000001000      0x320 kernel/pc/pc.o
 .pdr           0x0000000000001320       0x60 kernel/syscall/syscall.o
 .pdr           0x0000000000001380       0x20 kernel/syscall/syscall4.o
 .pdr           0x00000000000013a0       0x60 kernel/time/time.o
 .pdr           0x0000000000001400      0x200 kernel/vfs/ext2.o
 .pdr           0x0000000000001600      0x1e0 kernel/vfs/fat32.o
 .pdr           0x00000000000017e0       0x60 kernel/vfs/mount.o
 .pdr           0x0000000000001840      0x220 kernel/vfs/open.o
 .pdr           0x0000000000001a60      0x100 kernel/vfs/read_write.o
 .pdr           0x0000000000001b60       0xc0 kernel/vfs/usr.o
 .pdr           0x0000000000001c20      0x140 kernel/vfs/utils.o
 .pdr           0x0000000000001d60       0x40 kernel/vfs/vfs.o
 .pdr           0x0000000000001da0      0x320 kernel/vfs/vfscache.o
 .pdr           0x00000000000020c0        0x0 kernel/vm/tlb.o
 .pdr           0x00000000000020c0      0x1a0 kernel/vm/vm.o
 .pdr           0x0000000000002260       0x20 utils/assert.o
 .pdr           0x0000000000002280       0xa0 utils/log.o
 .pdr           0x0000000000002320      0x140 utils/utils.o
 .pdr           0x0000000000002460       0x20 usr/exec.o
 .pdr           0x0000000000002480       0x80 usr/ls.o
 .pdr           0x0000000000002500      0x280 usr/myvi.o
 .pdr           0x0000000000002780       0xe0 usr/ps.o
LOAD arch/mips32/start.o
LOAD arch/mips32/arch.o
LOAD arch/mips32/exc.o
LOAD arch/mips32/intr.o
LOAD arch/mips32/page.o
LOAD kernel/driver/ps2.o
LOAD kernel/driver/sd.o
LOAD kernel/driver/vga.o
LOAD kernel/fs/fat/debug.o
LOAD kernel/fs/fat/dir.o
LOAD kernel/fs/fat/fat.o
LOAD kernel/fs/fat/usr.o
LOAD kernel/fs/fat/utils.o
LOAD kernel/fs/fscache/fscache.o
LOAD kernel/init.o
LOAD kernel/lock/lock.o
LOAD kernel/mm/mybootmm.o
LOAD kernel/mm/mybuddy.o
LOAD kernel/mm/myslab.o
LOAD kernel/pc/page.o
LOAD kernel/pc/pc.o
LOAD kernel/syscall/syscall.o
LOAD kernel/syscall/syscall4.o
LOAD kernel/time/time.o
LOAD kernel/vfs/ext2.o
LOAD kernel/vfs/fat32.o
LOAD kernel/vfs/mount.o
LOAD kernel/vfs/open.o
LOAD kernel/vfs/read_write.o
LOAD kernel/vfs/usr.o
LOAD kernel/vfs/utils.o
LOAD kernel/vfs/vfs.o
LOAD kernel/vfs/vfscache.o
LOAD kernel/vm/tlb.o
LOAD kernel/vm/vm.o
LOAD utils/assert.o
LOAD utils/log.o
LOAD utils/utils.o
LOAD usr/exec.o
LOAD usr/ls.o
LOAD usr/myvi.o
LOAD usr/ps.o
OUTPUT(kernel.elf elf32-tradlittlemips)
