
Allocating common symbols
Common symbol       size              file

pwd_dentry          0x4               kernel/vfs/vfs.o
sched               0x8               kernel/pc/pc.o
MBR                 0x4               kernel/vfs/vfs.o
interrupts          0x20              arch/mips32/intr.o
tasks               0x8               kernel/pc/pc.o
kernel_start_pfn    0x4               kernel/mm/mybuddy.o
dir_data_buf        0x820             kernel/fs/fat/fat.o
cursor_col          0x4               kernel/driver/vga.o
root_dentry         0x4               kernel/vfs/vfs.o
cursor_location     0x4               usr/myvi.o
tempp               0x4               kernel/vfs/fat32.o
bootmmmap           0x8000            kernel/mm/mybootmm.o
fat_info            0x418             kernel/fs/fat/fat.o
file_create         0x4150            kernel/fs/fat/usr.o
pidmap              0x20              arch/mips32/exc.o
root_mnt            0x4               kernel/vfs/vfs.o
is_new_file         0x4               usr/myvi.o
syscalls            0x400             kernel/syscall/syscall.o
bmm                 0x90              kernel/mm/mybootmm.o
cursor_row          0x4               kernel/driver/vga.o
page_end            0x4               usr/myvi.o
filename            0x4               usr/myvi.o
ps_buffer_index     0x4               usr/ps.o
pwd_mnt             0x4               kernel/vfs/vfs.o
file                0x4150            usr/exec.o
dcache              0x4               kernel/vfs/vfscache.o
sched_back          0x20              kernel/pc/pc.o
firstusercode_start
                    0x4               kernel/mm/mybootmm.o
filename11          0xd               kernel/fs/fat/fat.o
mode                0x4               usr/myvi.o
pcache              0x4               kernel/vfs/vfscache.o
wait                0x8               kernel/pc/pc.o
buffer              0x1000            usr/myvi.o
mk_dir_buf          0x20              kernel/fs/fat/usr.o
exited              0x8               kernel/pc/pc.o
err                 0x4               usr/myvi.o
new_alloc_empty     0x1000            kernel/fs/fat/fat.o
next_pid            0x4               arch/mips32/exc.o
pre_cursor_freq     0x4               usr/myvi.o
lk                  0xc               usr/ps.o
exceptions          0x80              arch/mips32/exc.o
kernel_end_pfn      0x4               kernel/mm/mybuddy.o
buddy               0x54              kernel/mm/mybuddy.o
firstusercode_len   0x4               kernel/mm/mybootmm.o
dir_find            0x4150            kernel/fs/fat/dir.o
fat_buf             0x410             kernel/fs/fat/fat.o
sched_time_cnt      0x10              kernel/pc/pc.o
icache              0x4               kernel/vfs/vfscache.o
pages               0x4               kernel/mm/mybuddy.o
kmalloc_caches      0x150             kernel/mm/myslab.o
ps_buffer           0x40              usr/ps.o

Discarded input sections

 .reginfo       0x0000000000000000       0x18 arch/mips32/start.o
 .reginfo       0x0000000000000000       0x18 arch/mips32/arch.o
 .MIPS.abiflags
                0x0000000000000000       0x18 arch/mips32/arch.o
 .reginfo       0x0000000000000000       0x18 arch/mips32/exc.o
 .MIPS.abiflags
                0x0000000000000000       0x18 arch/mips32/exc.o
 .reginfo       0x0000000000000000       0x18 arch/mips32/intr.o
 .MIPS.abiflags
                0x0000000000000000       0x18 arch/mips32/intr.o
 .reginfo       0x0000000000000000       0x18 arch/mips32/page.o
 .MIPS.abiflags
                0x0000000000000000       0x18 arch/mips32/page.o
 .reginfo       0x0000000000000000       0x18 kernel/driver/ps2.o
 .MIPS.abiflags
                0x0000000000000000       0x18 kernel/driver/ps2.o
 .reginfo       0x0000000000000000       0x18 kernel/driver/sd.o
 .MIPS.abiflags
                0x0000000000000000       0x18 kernel/driver/sd.o
 .reginfo       0x0000000000000000       0x18 kernel/driver/vga.o
 .MIPS.abiflags
                0x0000000000000000       0x18 kernel/driver/vga.o
 .reginfo       0x0000000000000000       0x18 kernel/fs/fat/debug.o
 .MIPS.abiflags
                0x0000000000000000       0x18 kernel/fs/fat/debug.o
 .reginfo       0x0000000000000000       0x18 kernel/fs/fat/dir.o
 .MIPS.abiflags
                0x0000000000000000       0x18 kernel/fs/fat/dir.o
 .reginfo       0x0000000000000000       0x18 kernel/fs/fat/fat.o
 .MIPS.abiflags
                0x0000000000000000       0x18 kernel/fs/fat/fat.o
 .reginfo       0x0000000000000000       0x18 kernel/fs/fat/usr.o
 .MIPS.abiflags
                0x0000000000000000       0x18 kernel/fs/fat/usr.o
 .reginfo       0x0000000000000000       0x18 kernel/fs/fat/utils.o
 .MIPS.abiflags
                0x0000000000000000       0x18 kernel/fs/fat/utils.o
 .reginfo       0x0000000000000000       0x18 kernel/fs/fscache/fscache.o
 .MIPS.abiflags
                0x0000000000000000       0x18 kernel/fs/fscache/fscache.o
 .reginfo       0x0000000000000000       0x18 kernel/init.o
 .MIPS.abiflags
                0x0000000000000000       0x18 kernel/init.o
 .reginfo       0x0000000000000000       0x18 kernel/lock/lock.o
 .MIPS.abiflags
                0x0000000000000000       0x18 kernel/lock/lock.o
 .reginfo       0x0000000000000000       0x18 kernel/mm/mybootmm.o
 .MIPS.abiflags
                0x0000000000000000       0x18 kernel/mm/mybootmm.o
 .reginfo       0x0000000000000000       0x18 kernel/mm/mybuddy.o
 .MIPS.abiflags
                0x0000000000000000       0x18 kernel/mm/mybuddy.o
 .reginfo       0x0000000000000000       0x18 kernel/mm/myslab.o
 .MIPS.abiflags
                0x0000000000000000       0x18 kernel/mm/myslab.o
 .reginfo       0x0000000000000000       0x18 kernel/pc/enter_user_pc.o
 .MIPS.abiflags
                0x0000000000000000       0x18 kernel/pc/enter_user_pc.o
 .reginfo       0x0000000000000000       0x18 kernel/pc/page.o
 .MIPS.abiflags
                0x0000000000000000       0x18 kernel/pc/page.o
 .reginfo       0x0000000000000000       0x18 kernel/pc/pc.o
 .MIPS.abiflags
                0x0000000000000000       0x18 kernel/pc/pc.o
 .reginfo       0x0000000000000000       0x18 kernel/pc/pid.o
 .MIPS.abiflags
                0x0000000000000000       0x18 kernel/pc/pid.o
 .reginfo       0x0000000000000000       0x18 kernel/pc/switch_ex.o
 .MIPS.abiflags
                0x0000000000000000       0x18 kernel/pc/switch_ex.o
 .reginfo       0x0000000000000000       0x18 kernel/syscall/syscall.o
 .MIPS.abiflags
                0x0000000000000000       0x18 kernel/syscall/syscall.o
 .reginfo       0x0000000000000000       0x18 kernel/syscall/syscall4.o
 .MIPS.abiflags
                0x0000000000000000       0x18 kernel/syscall/syscall4.o
 .reginfo       0x0000000000000000       0x18 kernel/time/time.o
 .MIPS.abiflags
                0x0000000000000000       0x18 kernel/time/time.o
 .reginfo       0x0000000000000000       0x18 kernel/vfs/ext2.o
 .MIPS.abiflags
                0x0000000000000000       0x18 kernel/vfs/ext2.o
 .reginfo       0x0000000000000000       0x18 kernel/vfs/fat32.o
 .MIPS.abiflags
                0x0000000000000000       0x18 kernel/vfs/fat32.o
 .reginfo       0x0000000000000000       0x18 kernel/vfs/mount.o
 .MIPS.abiflags
                0x0000000000000000       0x18 kernel/vfs/mount.o
 .reginfo       0x0000000000000000       0x18 kernel/vfs/open.o
 .MIPS.abiflags
                0x0000000000000000       0x18 kernel/vfs/open.o
 .reginfo       0x0000000000000000       0x18 kernel/vfs/read_write.o
 .MIPS.abiflags
                0x0000000000000000       0x18 kernel/vfs/read_write.o
 .reginfo       0x0000000000000000       0x18 kernel/vfs/usr.o
 .MIPS.abiflags
                0x0000000000000000       0x18 kernel/vfs/usr.o
 .reginfo       0x0000000000000000       0x18 kernel/vfs/utils.o
 .MIPS.abiflags
                0x0000000000000000       0x18 kernel/vfs/utils.o
 .reginfo       0x0000000000000000       0x18 kernel/vfs/vfs.o
 .MIPS.abiflags
                0x0000000000000000       0x18 kernel/vfs/vfs.o
 .reginfo       0x0000000000000000       0x18 kernel/vfs/vfscache.o
 .MIPS.abiflags
                0x0000000000000000       0x18 kernel/vfs/vfscache.o
 .reginfo       0x0000000000000000       0x18 kernel/vm/tlb.o
 .MIPS.abiflags
                0x0000000000000000       0x18 kernel/vm/tlb.o
 .reginfo       0x0000000000000000       0x18 kernel/vm/vm.o
 .MIPS.abiflags
                0x0000000000000000       0x18 kernel/vm/vm.o
 .reginfo       0x0000000000000000       0x18 utils/assert.o
 .MIPS.abiflags
                0x0000000000000000       0x18 utils/assert.o
 .reginfo       0x0000000000000000       0x18 utils/log.o
 .MIPS.abiflags
                0x0000000000000000       0x18 utils/log.o
 .reginfo       0x0000000000000000       0x18 utils/utils.o
 .MIPS.abiflags
                0x0000000000000000       0x18 utils/utils.o
 .reginfo       0x0000000000000000       0x18 usr/exec.o
 .MIPS.abiflags
                0x0000000000000000       0x18 usr/exec.o
 .reginfo       0x0000000000000000       0x18 usr/ls.o
 .MIPS.abiflags
                0x0000000000000000       0x18 usr/ls.o
 .reginfo       0x0000000000000000       0x18 usr/myvi.o
 .MIPS.abiflags
                0x0000000000000000       0x18 usr/myvi.o
 .reginfo       0x0000000000000000       0x18 usr/ps.o
 .MIPS.abiflags
                0x0000000000000000       0x18 usr/ps.o

Memory Configuration

Name             Origin             Length             Attributes
*default*        0x0000000000000000 0xffffffffffffffff

Linker script and memory map

                0x0000000080020000                . = 0x80020000

.interp
 *(.interp)

.gnu.version
 *(.gnu.version)

.gnu.version_d
 *(.gnu.version_d)

.gnu.version_r
 *(.gnu.version_r)

.rel.dyn        0x0000000080020000        0x0
 .rel.dyn       0x0000000080020000        0x0 kernel/vfs/ext2.o

.rel.init
 *(.rel.init)

.rela.init
 *(.rela.init)

.rel.text
 *(.rel.text)
 *(.rel.text.*)
 *(.rel.gnu.linkonce.t*)

.rela.text
 *(.rela.text)
 *(.rela.text.*)
 *(.rela.gnu.linkonce.t*)

.rel.fini
 *(.rel.fini)

.rela.fini
 *(.rela.fini)

.rel.rodata
 *(.rel.rodata)
 *(.rel.rodata.*)
 *(.rel.gnu.linkonce.r*)

.rela.rodata
 *(.rela.rodata)
 *(.rela.rodata.*)
 *(.rela.gnu.linkonce.r*)

.rel.data
 *(.rel.data)
 *(.rel.data.*)
 *(.rel.gnu.linkonce.d*)

.rela.data
 *(.rela.data)
 *(.rela.data.*)
 *(.rela.gnu.linkonce.d*)

.rel.ctors
 *(.rel.ctors)

.rela.ctors
 *(.rela.ctors)

.rel.dtors
 *(.rel.dtors)

.rela.dtors
 *(.rela.dtors)

.rel.got
 *(.rel.got)

.rela.got
 *(.rela.got)

.rel.sdata
 *(.rel.sdata)
 *(.rel.sdata1)
 *(.rel.sdata.*)
 *(.rel.gnu.linkonce.s*)

.rela.sdata
 *(.rela.sdata)
 *(.rela.sdata1)
 *(.rela.sdata.*)
 *(.rela.gnu.linkonce.s*)

.rel.sbss
 *(.rel.sbss)

.rela.sbss
 *(.rela.sbss)

.rel.sdata2
 *(.rel.sdata2)

.rela.sdata2
 *(.rela.sdata2)

.rel.sbss2
 *(.rel.sbss2)

.rela.sbss2
 *(.rela.sbss2)

.rel.bss
 *(.rel.bss)

.rela.bss
 *(.rela.bss)

.rel.plt
 *(.rel.plt)

.rela.plt
 *(.rela.plt)

.plt
 *(.plt)
                0x0000000080000000                . = 0x80000000

.text           0x0000000080000000    0x19758
                0x0000000080000000                _ftext = .
 *(.text)
 .text          0x0000000080000000     0x1014 arch/mips32/start.o
                0x0000000080000000                exception
                0x00000000800002d0                restore_context
                0x0000000080001000                start
 .text          0x0000000080001014       0x24 arch/mips32/arch.o
                0x0000000080001014                get_phymm_size
 .text          0x0000000080001038      0x834 arch/mips32/exc.o
                0x0000000080001038                tlb_refill
                0x00000000800016ac                do_exceptions
                0x00000000800017f0                register_exception_handler
                0x0000000080001840                init_exception
 .text          0x000000008000186c      0x1f4 arch/mips32/intr.o
                0x000000008000186c                init_interrupts
                0x00000000800018a0                enable_interrupts
                0x00000000800018dc                disable_interrupts
                0x000000008000191c                do_interrupts
                0x00000000800019ec                register_interrupt_handler
 .text          0x0000000080001a60       0x60 arch/mips32/page.o
                0x0000000080001a60                init_pgtable
 .text          0x0000000080001ac0      0x5c4 kernel/driver/ps2.o
                0x0000000080001ac0                init_buffer
                0x0000000080001b44                init_ps2
                0x0000000080001b9c                ps2_handler
                0x0000000080001e94                kernel_getkey
                0x0000000080001f44                kernel_scantoascii
                0x0000000080001fe8                sleep
                0x0000000080002024                kernel_getchar
 .text          0x0000000080002084      0x488 kernel/driver/sd.o
                0x0000000080002134                sd_read_sector_blocking
                0x0000000080002268                sd_write_sector_blocking
                0x00000000800023a4                sd_read_block
                0x0000000080002458                sd_write_block
 .text          0x000000008000250c      0x990 kernel/driver/vga.o
                0x000000008000250c                kernel_set_cursor
                0x000000008000255c                init_vga
                0x00000000800025ac                kernel_clear_screen
                0x0000000080002620                kernel_scroll_screen
                0x00000000800026c0                kernel_putchar_at
                0x0000000080002760                kernel_putchar
                0x000000008000294c                kernel_puts
                0x00000000800029d0                kernel_putint
                0x0000000080002b2c                kernel_putintx
                0x0000000080002bfc                kernel_vprintf
                0x0000000080002e38                kernel_printf
 .text          0x0000000080002e9c        0x0 kernel/fs/fat/debug.o
 .text          0x0000000080002e9c      0x610 kernel/fs/fat/dir.o
                0x0000000080002e9c                fs_open_dir
                0x00000000800030e8                fs_read_dir
 .text          0x00000000800034ac     0x2bf0 kernel/fs/fat/fat.o
                0x00000000800034ac                init_fat_info
                0x00000000800037d8                init_fat_buf
                0x0000000080003868                init_dir_buf
                0x00000000800038f8                init_fs
                0x0000000080003970                write_fat_sector
                0x0000000080003b28                read_fat_sector
                0x0000000080003ce4                fs_next_slash
                0x0000000080003f78                fs_cmp_filename
                0x0000000080004000                fs_find
                0x00000000800044e0                fs_open
                0x000000008000466c                fs_fflush
                0x00000000800047d0                fs_close
                0x0000000080004964                fs_read
                0x0000000080004d18                fs_next_free
                0x0000000080004de8                fs_alloc
                0x0000000080004fb4                fs_write
                0x00000000800055bc                fs_lseek
                0x0000000080005624                fs_find_empty_entry
                0x0000000080005978                fs_create_with_attr
                0x0000000080005db8                fs_create
                0x0000000080005df4                get_filename
 .text          0x000000008000609c      0x7cc kernel/fs/fat/usr.o
                0x000000008000609c                fs_rm
                0x00000000800061d8                fs_mv
                0x00000000800063dc                fs_mkdir
                0x0000000080006770                fs_cat
 .text          0x0000000080006868      0x454 kernel/fs/fat/utils.o
                0x0000000080006868                fs_wa
                0x00000000800068c4                get_entry_filesize
                0x0000000080006904                get_entry_attr
                0x0000000080006934                get_start_cluster
                0x0000000080006970                get_fat_entry_value
                0x0000000080006a3c                fs_modify_fat
                0x0000000080006b74                cluster_to_fat_entry
                0x0000000080006bec                fs_dataclus2sec
                0x0000000080006c54                fs_sec2dataclus
 .text          0x0000000080006cbc      0xbd4 kernel/fs/fscache/fscache.o
                0x0000000080006cbc                fs_victim_4k
                0x0000000080006ee8                fs_write_4k
                0x0000000080006f9c                fs_read_4k
                0x0000000080007188                fs_clr_4k
                0x00000000800072bc                fs_victim_512
                0x00000000800074e8                fs_write_512
                0x0000000080007594                fs_read_512
                0x0000000080007770                fs_clr_512
 .text          0x0000000080007890      0x304 kernel/init.o
                0x0000000080007890                machine_info
                0x0000000080007918                create_startup_process
                0x00000000800079a0                init_kernel
 .text          0x0000000080007b94      0x148 kernel/lock/lock.o
                0x0000000080007bd0                init_lock
                0x0000000080007c18                lockup
                0x0000000080007c74                unlock
 .text          0x0000000080007cdc      0xf98 kernel/mm/mybootmm.o
                0x0000000080007cdc                set_mminfo
                0x0000000080007d30                insert_mminfo
                0x0000000080008038                split_mminfo
                0x0000000080008210                remove_mminfo
                0x000000008000830c                init_bootmm
                0x000000008000845c                set_maps
                0x00000000800084d4                find_pages
                0x00000000800086bc                bootmm_alloc_pages
                0x0000000080008808                bootmap_info
                0x000000008000891c                bootmm_free_pages
 .text          0x0000000080008c74      0xbfc kernel/mm/mybuddy.o
                0x0000000080008e2c                buddy_info
                0x0000000080008f08                init_pages
                0x0000000080009028                init_buddy
                0x00000000800092dc                __free_pages
                0x0000000080009568                __alloc_pages
                0x0000000080009750                alloc_pages
                0x0000000080009814                free_pages
 .text          0x0000000080009870      0xbf4 kernel/mm/myslab.o
                0x0000000080009a94                init_kmem_cpu
                0x0000000080009ac0                init_kmem_node
                0x0000000080009b10                init_each_slab
                0x0000000080009b94                init_slab
                0x0000000080009c2c                format_slabpage
                0x0000000080009ce0                slab_alloc
                0x0000000080009f68                slab_free
                0x000000008000a124                get_slab
                0x000000008000a234                kmalloc
                0x000000008000a2ac                phy_kmalloc
                0x000000008000a3a4                kfree
 .text          0x000000008000a464       0x1c kernel/pc/enter_user_pc.o
                0x000000008000a464                enter_new_pc
 .text          0x000000008000a480      0x2c0 kernel/pc/page.o
                0x000000008000a480                do_one_mapping
                0x000000008000a688                do_mapping
 .text          0x000000008000a740     0x2300 kernel/pc/pc.o
                0x000000008000a994                activate_mm
                0x000000008000a9d4                waitpid
                0x000000008000ab5c                wakeup_parent
                0x000000008000ac78                add_wait
                0x000000008000acbc                add_exited
                0x000000008000ad00                add_task
                0x000000008000ad44                add_sched
                0x000000008000ad88                add_sched_back
                0x000000008000ae14                remove_task
                0x000000008000ae68                remove_exited
                0x000000008000aebc                remove_sched
                0x000000008000af10                find_in_tasks
                0x000000008000af94                find_in_sched
                0x000000008000b0c0                task_files_delete
                0x000000008000b33c                init_pc_list
                0x000000008000b418                init_pc
                0x000000008000b538                exec_from_kernel
                0x000000008000b628                runprog
                0x000000008000b758                task_create
                0x000000008000b9f8                pc_kill
                0x000000008000bb80                clear_exited
                0x000000008000bc2c                pc_exit
                0x000000008000bd88                pc_schedule
                0x000000008000be58                find_next_task
                0x000000008000bfd0                find_in_sched_back
                0x000000008000c0a0                print_sched
                0x000000008000c1c4                print_task
                0x000000008000c244                print_exited
                0x000000008000c2c4                print_struct_task
                0x000000008000c338                print_wait
                0x000000008000c3b4                vmprog22
                0x000000008000c464                vmprog
                0x000000008000c560                runuserprog
 .text          0x000000008000ca40      0x320 kernel/pc/pid.o
                0x000000008000ca40                init_pid
                0x000000008000cab4                pid_check
                0x000000008000cb48                pid_alloc
                0x000000008000cc90                pid_free
 .text          0x000000008000cd60      0x130 kernel/pc/switch_ex.o
                0x000000008000cd60                switch_ex
                0x000000008000cdfc                switch_wa
 .text          0x000000008000ce90      0x140 kernel/syscall/syscall.o
                0x000000008000ce90                init_syscall
                0x000000008000cee0                syscall
                0x000000008000cf80                register_syscall
 .text          0x000000008000cfd0       0x6c kernel/syscall/syscall4.o
                0x000000008000cfd0                syscall4
 .text          0x000000008000d03c      0x4bc kernel/time/time.o
                0x000000008000d03c                get_time_string
                0x000000008000d368                system_time_proc
                0x000000008000d474                get_time
 .text          0x000000008000d4f8     0x25d4 kernel/vfs/ext2.o
                0x000000008000d604                init_ext2
                0x000000008000dd20                ext2_delete_inode
                0x000000008000e5f4                ext2_write_inode
                0x000000008000e7bc                ext2_inode_lookup
                0x000000008000ec30                ext2_create
                0x000000008000ec64                ext2_readdir
                0x000000008000f0e0                ext2_readpage
                0x000000008000f200                ext2_writepage
                0x000000008000f2c0                ext2_bmap
                0x000000008000f658                ext2_fill_inode
                0x000000008000f884                ext2_check_inode_bitmap
                0x000000008000f9a4                ext2_group_base_sect
 .text          0x000000008000facc     0x27f8 kernel/vfs/fat32.o
                0x000000008000fbd8                init_fat32
                0x00000000800105cc                fat32_delete_inode
                0x0000000080010988                fat32_write_inode
                0x0000000080010d78                fat32_inode_lookup
                0x0000000080011388                fat32_create
                0x00000000800113bc                fat32_readdir
                0x0000000080011888                fat32_convert_filename
                0x0000000080011ff4                fat32_readpage
                0x00000000800120f8                fat32_writepage
                0x00000000800121c0                fat32_bmap
                0x0000000080012200                read_fat
 .text          0x00000000800122c4      0x2c0 kernel/vfs/mount.o
                0x00000000800122c4                mount_ext2
                0x00000000800123fc                follow_mount
                0x00000000800124d4                lookup_mnt
 .text          0x0000000080012584     0x12c0 kernel/vfs/open.o
                0x00000000800126ec                vfs_open
                0x00000000800127a4                open_namei
                0x0000000080012a4c                __lookup_hash
                0x0000000080012b5c                path_lookup
                0x0000000080012c24                link_path_walk
                0x0000000080013190                follow_dotdot
                0x00000000800132c8                do_lookup
                0x00000000800133dc                real_lookup
                0x00000000800134a0                dentry_open
                0x00000000800135bc                vfs_close
                0x0000000080013620                d_alloc
 .text          0x0000000080013844      0xb8c kernel/vfs/read_write.o
                0x0000000080013928                vfs_read
                0x00000000800139dc                vfs_write
                0x0000000080013a90                generic_file_read
                0x0000000080013ebc                generic_file_write
                0x0000000080014310                generic_file_flush
 .text          0x00000000800143d0      0x5c4 kernel/vfs/usr.o
                0x0000000080014448                vfs_cat
                0x00000000800145a8                vfs_cd
                0x000000008001464c                vfs_ls
                0x00000000800148c0                vfs_rm
 .text          0x0000000080014994      0x438 kernel/vfs/utils.o
                0x0000000080014994                read_block
                0x00000000800149dc                write_block
                0x0000000080014a24                get_u16
                0x0000000080014a74                get_u32
                0x0000000080014ae0                set_u16
                0x0000000080014b38                set_u32
                0x0000000080014bb8                generic_compare_filename
                0x0000000080014c7c                get_bit
                0x0000000080014ce8                set_bit
                0x0000000080014d54                reset_bit
 .text          0x0000000080014dcc      0x324 kernel/vfs/vfs.o
                0x0000000080014dcc                init_vfs
                0x0000000080014fb8                vfs_read_MBR
 .text          0x00000000800150f0      0xe60 kernel/vfs/vfscache.o
                0x0000000080015280                init_cache
                0x0000000080015404                cache_init
                0x00000000800154e0                cache_is_full
                0x0000000080015520                dcache_look_up
                0x00000000800156bc                dcache_add
                0x0000000080015794                dcache_put_LRU
                0x000000008001595c                icache_look_up
                0x0000000080015988                icache_add
                0x00000000800159b0                icache_put_LRU
                0x00000000800159d4                pcache_look_up
                0x0000000080015b4c                pcache_add
                0x0000000080015c24                pcache_put_LRU
                0x0000000080015cf0                pcache_write_back
                0x0000000080015d40                dget
                0x0000000080015d78                dput
                0x0000000080015db0                release_dentry
                0x0000000080015de8                release_inode
                0x0000000080015e20                release_page
                0x0000000080015e6c                __intHash
                0x0000000080015eac                __stringHash
 .text          0x0000000080015f50       0x24 kernel/vm/tlb.o
                0x0000000080015f50                set_tlb_asid
 .text          0x0000000080015f74      0xa30 kernel/vm/vm.o
                0x0000000080015f74                mm_create
                0x000000008001602c                mm_delete
                0x0000000080016084                pgd_delete
                0x00000000800161a4                find_vma
                0x000000008001628c                find_vma_intersection
                0x0000000080016300                find_vma_and_prev
                0x00000000800163ac                get_unmapped_area
                0x00000000800164f4                find_vma_prepare
                0x0000000080016578                insert_vma_struct
                0x000000008001661c                do_map
                0x0000000080016700                do_unmap
                0x0000000080016858                exit_mmap
                0x0000000080016924                is_in_vma
 .text          0x00000000800169a4       0x5c utils/assert.o
                0x00000000800169a4                assert
 .text          0x0000000080016a00      0x268 utils/log.o
                0x0000000080016a00                log_level_adv
                0x0000000080016a3c                log_level_rec
                0x0000000080016a74                log
                0x0000000080016bf4                step
                0x0000000080016c44                step_reset
 .text          0x0000000080016c68      0x38c utils/utils.o
                0x0000000080016c68                kernel_memcpy
                0x0000000080016cec                kernel_memset
                0x0000000080016d20                kernel_memset_word
                0x0000000080016d80                kernel_strcmp
                0x0000000080016e08                kernel_strcpy
                0x0000000080016e64                pow
                0x0000000080016ee0                kernel_cache
                0x0000000080016f24                kernel_serial_puts
                0x0000000080016f7c                kernel_serial_putc
                0x0000000080016fb4                is_bound
 .text          0x0000000080016ff4      0x1d0 usr/exec.o
                0x0000000080016ff4                exec
 .text          0x00000000800171c4      0x378 usr/ls.o
                0x00000000800171c4                cut_front_blank
                0x0000000080017298                strlen
                0x00000000800172f0                each_param
                0x00000000800173b0                ls
 .text          0x000000008001753c     0x1370 usr/myvi.o
                0x00000000800175b4                myvi_init
                0x0000000080017630                to_lower_case
                0x0000000080017690                mystrcpy
                0x00000000800176ec                load_file
                0x0000000080017904                save_file
                0x00000000800179f0                insert_key
                0x0000000080017ac0                delete_key
                0x0000000080017b54                put_char_on_screen
                0x0000000080017bc0                screen_flush
                0x0000000080017fc8                get_key
                0x0000000080017ffc                page_location_last_line
                0x0000000080018098                page_location_next_line
                0x000000008001812c                cursor_prev_line
                0x0000000080018200                cursor_next_line
                0x0000000080018298                do_command_mode
                0x00000000800184b4                do_insert_mode
                0x00000000800185c8                do_last_line_mode
                0x0000000080018794                myvi
 .text          0x00000000800188ac      0xeac usr/ps.o
                0x00000000800188ac                test_proc
                0x0000000080018920                testMem
                0x0000000080018a30                testMem2
                0x0000000080018a50                test_sync
                0x0000000080018afc                sync_demo_create
                0x0000000080018b1c                ps
                0x0000000080018d68                parse_cmd
 *(.text.*)
 *(.stub)
 *(.gnu.warning)
 *(.gnu.linkonce.t*)
 *(.mips16.fn.*)
 *(.mips16.call.*)
                0x0000000080019758                _ecode = .

.init
 *(.init)

.fini
 *(.fini)

.rodata         0x0000000080019758     0x1168
 *(.rodata)
 .rodata        0x0000000080019758      0x20c arch/mips32/exc.o
 .rodata        0x0000000080019964       0x14 kernel/driver/vga.o
 .rodata        0x0000000080019978       0xa8 kernel/fs/fat/fat.o
 .rodata        0x0000000080019a20       0x18 kernel/fs/fat/usr.o
 .rodata        0x0000000080019a38      0x134 kernel/init.o
 .rodata        0x0000000080019b6c       0xd4 kernel/mm/mybootmm.o
 .rodata        0x0000000080019c40       0xa4 kernel/mm/mybuddy.o
 .rodata        0x0000000080019ce4       0x68 kernel/mm/myslab.o
 .rodata        0x0000000080019d4c      0x534 kernel/pc/pc.o
 .rodata        0x000000008001a280       0x14 kernel/syscall/syscall4.o
 .rodata        0x000000008001a294       0x38 kernel/time/time.o
 .rodata        0x000000008001a2cc        0xc kernel/vfs/ext2.o
 .rodata        0x000000008001a2d8        0xc kernel/vfs/fat32.o
 .rodata        0x000000008001a2e4        0x8 kernel/vfs/mount.o
 .rodata        0x000000008001a2ec       0x14 kernel/vfs/open.o
 .rodata        0x000000008001a300       0x64 kernel/vfs/usr.o
 .rodata        0x000000008001a364       0x60 kernel/vfs/vfs.o
 .rodata        0x000000008001a3c4       0x1c kernel/vm/vm.o
 .rodata        0x000000008001a3e0       0x14 utils/assert.o
 .rodata        0x000000008001a3f4       0x78 utils/log.o
 .rodata        0x000000008001a46c       0x14 usr/exec.o
 .rodata        0x000000008001a480       0x38 usr/ls.o
 .rodata        0x000000008001a4b8      0x158 usr/myvi.o
 .rodata        0x000000008001a610      0x2b0 usr/ps.o
 *(.rodata.*)
 *(.gnu.linkonce.r*)

.MIPS.abiflags  0x000000008001a8c0       0x18
 .MIPS.abiflags
                0x000000008001a8c0       0x18 arch/mips32/start.o

.rodata1
 *(.rodata1)

.sdata2
 *(.sdata2)

.sbss2
 *(.sbss2)

.sdeinit
 *(.sdeinit)

.sdefini
 *(.sdefini)

.eh_frame
 *(.eh_frame)

.gcc_except_table
 *(.gcc_except_table)

.ctors
 *crt0.o(.ctors)
 *crtbegin.o(.ctors)
 *crtbeginS.o(.ctors)
 *(EXCLUDE_FILE(*crtn.o *crtendS.o *crtend.o) .ctors)
 *(SORT(.ctors.*))
 *(.ctors)

.dtors
 *crt0.o(.dtors)
 *crtbegin.o(.dtors)
 *crtbeginS.o(.dtors)
 *(EXCLUDE_FILE(*crtn.o *crtendS.o *crtend.o) .dtors)
 *(SORT(.dtors.*))
 *(.dtors)

.dynamic
 *(.dynamic)

.dynsym
 *(.dynsym)

.hash
 *(.hash)

.dynstr
 *(.dynstr)
                0x000000008001a8d8                __etext = .
                0x000000008001a8d8                _etext = .
                0x000000008001a8d8                PROVIDE (etext, .)
                0x000000008001a8d8                . = ALIGN (0x8)

.data           0x000000008001a8d8      0x1d4
                0x000000008001a8d8                _fdata = .
 *(.data)
 .data          0x000000008001a8d8        0x0 arch/mips32/start.o
 .data          0x000000008001a8d8        0x0 arch/mips32/arch.o
 .data          0x000000008001a8d8        0x0 arch/mips32/exc.o
 .data          0x000000008001a8d8        0x0 arch/mips32/intr.o
 .data          0x000000008001a8d8        0x0 arch/mips32/page.o
 .data          0x000000008001a8d8      0x100 kernel/driver/ps2.o
                0x000000008001a8d8                scantoascii_uppercase
                0x000000008001a958                scantoascii_lowercase
 .data          0x000000008001a9d8        0x0 kernel/driver/sd.o
 .data          0x000000008001a9d8        0x0 kernel/driver/vga.o
 .data          0x000000008001a9d8        0x0 kernel/fs/fat/debug.o
 .data          0x000000008001a9d8        0x0 kernel/fs/fat/dir.o
 .data          0x000000008001a9d8        0x0 kernel/fs/fat/fat.o
 .data          0x000000008001a9d8        0x0 kernel/fs/fat/usr.o
 .data          0x000000008001a9d8        0x0 kernel/fs/fat/utils.o
 .data          0x000000008001a9d8        0x0 kernel/fs/fscache/fscache.o
 .data          0x000000008001a9d8        0x0 kernel/init.o
 .data          0x000000008001a9d8        0x0 kernel/lock/lock.o
 .data          0x000000008001a9d8       0x1c kernel/mm/mybootmm.o
                0x000000008001a9d8                mem_msg
 .data          0x000000008001a9f4        0x0 kernel/mm/mybuddy.o
 .data          0x000000008001a9f4       0x30 kernel/mm/myslab.o
 .data          0x000000008001aa24        0x0 kernel/pc/enter_user_pc.o
 .data          0x000000008001aa24        0x0 kernel/pc/page.o
 .data          0x000000008001aa24        0x0 kernel/pc/pc.o
 .data          0x000000008001aa24        0x0 kernel/pc/pid.o
 .data          0x000000008001aa24        0x0 kernel/pc/switch_ex.o
 .data          0x000000008001aa24        0x0 kernel/syscall/syscall.o
 .data          0x000000008001aa24        0x0 kernel/syscall/syscall4.o
 .data          0x000000008001aa24        0x0 kernel/time/time.o
 .data          0x000000008001aa24       0x2c kernel/vfs/ext2.o
                0x000000008001aa24                ext2_inode_operations
                0x000000008001aa34                ext2_file_operations
                0x000000008001aa44                ext2_address_space_operations
 .data          0x000000008001aa50       0x2c kernel/vfs/fat32.o
                0x000000008001aa50                fat32_inode_operations
                0x000000008001aa60                fat32_file_operations
                0x000000008001aa70                fat32_address_space_operations
 .data          0x000000008001aa7c        0x0 kernel/vfs/mount.o
 .data          0x000000008001aa7c        0x0 kernel/vfs/open.o
 .data          0x000000008001aa7c        0x0 kernel/vfs/read_write.o
 .data          0x000000008001aa7c        0x0 kernel/vfs/usr.o
 .data          0x000000008001aa7c        0x0 kernel/vfs/utils.o
 .data          0x000000008001aa7c        0x0 kernel/vfs/vfs.o
 .data          0x000000008001aa7c       0x30 kernel/vfs/vfscache.o
                0x000000008001aa7c                dentry_cache_operations
                0x000000008001aa8c                inode_cache_operations
                0x000000008001aa9c                page_cache_operations
 .data          0x000000008001aaac        0x0 kernel/vm/tlb.o
 .data          0x000000008001aaac        0x0 kernel/vm/vm.o
 .data          0x000000008001aaac        0x0 utils/assert.o
 .data          0x000000008001aaac        0x0 utils/log.o
 .data          0x000000008001aaac        0x0 utils/utils.o
 .data          0x000000008001aaac        0x0 usr/exec.o
 .data          0x000000008001aaac        0x0 usr/ls.o
 .data          0x000000008001aaac        0x0 usr/myvi.o
 .data          0x000000008001aaac        0x0 usr/ps.o
 *(.data.*)
 *(.gnu.linkonce.d*)

.data1
 *(.data1)
                0x0000000080022aa0                _gp = (ALIGN (0x10) + 0x7ff0)

.got
 *(.got.plt)
 *(.got)

.sdata          0x000000008001aaac       0x74
 *(.sdata)
 .sdata         0x000000008001aaac       0x34 arch/mips32/arch.o
                0x000000008001aaac                CHAR_VRAM
                0x000000008001aab0                GRAPHIC_VRAM
                0x000000008001aab4                GPIO_SWITCH
                0x000000008001aab8                GPIO_BUTTON
                0x000000008001aabc                GPIO_SEG
                0x000000008001aac0                GPIO_LED
                0x000000008001aac4                GPIO_PS2_DATA
                0x000000008001aac8                GPIO_PS2_CTRL
                0x000000008001aacc                GPIO_UART_DATA
                0x000000008001aad0                GPIO_UART_CTRL
                0x000000008001aad4                GPIO_CURSOR
                0x000000008001aad8                VGA_MODE
                0x000000008001aadc                kernel_sp
 .sdata         0x000000008001aae0        0x4 kernel/driver/ps2.o
 .sdata         0x000000008001aae4        0x8 kernel/driver/sd.o
 .sdata         0x000000008001aaec       0x18 kernel/driver/vga.o
                0x000000008001aaec                VGA_CHAR_MAX_ROW
                0x000000008001aaf0                VGA_CHAR_MAX_COL
                0x000000008001aaf4                VGA_CHAR_ROW
                0x000000008001aaf8                VGA_CHAR_COL
                0x000000008001aafc                cursor_freq
 .sdata         0x000000008001ab04        0xc kernel/vfs/ext2.o
                0x000000008001ab04                ext2_super_operations
                0x000000008001ab0c                ext2_dentry_operations
 .sdata         0x000000008001ab10        0xc kernel/vfs/fat32.o
                0x000000008001ab10                fat32_super_operations
                0x000000008001ab18                fat32_dentry_operations
 .sdata         0x000000008001ab1c        0x4 usr/exec.o
                0x000000008001ab1c                CACHE_BLOCK_SIZE
 *(.sdata1)
 *(.sdata.*)
 *(.gnu.linkonce.s.*)

.lit8
 *(.lit8)

.lit4
 *(.lit4)
                0x000000008001ab20                . = ALIGN (0x8)
                0x000000008001ab20                _edata = .
                0x000000008001ab20                PROVIDE (edata, .)
                0x000000008001ab20                __bss_start = .
                0x000000008001ab20                PROVIDE (__edata, .)
                0x000000008001ab20                _fbss = .

.sbss           0x000000008001ab20       0xc0
                0x000000008001ab20                __sbss_start = .
                0x000000008001ab20                ___sbss_start = .
 *(.dynsbss)
 *(.sbss)
 .sbss          0x000000008001ab20        0x8 arch/mips32/exc.o
                0x000000008001ab20                count
                0x000000008001ab24                count_2
 .sbss          0x000000008001ab28       0x14 kernel/driver/ps2.o
 .sbss          0x000000008001ab3c        0x8 kernel/fs/fat/fat.o
                0x000000008001ab3c                fat_clock_head
                0x000000008001ab40                dir_data_clock_head
 .sbss          0x000000008001ab44        0x4 kernel/pc/pc.o
                0x000000008001ab44                current_task
 .sbss          0x000000008001ab48        0x8 utils/log.o
                0x000000008001ab48                gstep
 .sbss          0x000000008001ab50        0xc usr/myvi.o
                0x000000008001ab50                inst_len
                0x000000008001ab54                size
                0x000000008001ab58                page_location
 *(.sbss.*)
 *(.scommon)
 .scommon       0x000000008001ab5c        0x4 arch/mips32/exc.o
                0x000000008001ab5c                next_pid
 .scommon       0x000000008001ab60        0x0 arch/mips32/intr.o
 .scommon       0x000000008001ab60        0x0 kernel/driver/ps2.o
 .scommon       0x000000008001ab60        0x0 kernel/driver/sd.o
 .scommon       0x000000008001ab60        0x8 kernel/driver/vga.o
                0x000000008001ab60                cursor_col
                0x000000008001ab64                cursor_row
 .scommon       0x000000008001ab68        0x0 kernel/init.o
 .scommon       0x000000008001ab68        0x0 kernel/lock/lock.o
 .scommon       0x000000008001ab68        0x8 kernel/mm/mybootmm.o
                0x000000008001ab68                firstusercode_start
                0x000000008001ab6c                firstusercode_len
 .scommon       0x000000008001ab70        0xc kernel/mm/mybuddy.o
                0x000000008001ab70                kernel_start_pfn
                0x000000008001ab74                kernel_end_pfn
                0x000000008001ab78                pages
 .scommon       0x000000008001ab7c       0x20 kernel/pc/pc.o
                0x000000008001ab7c                sched
                0x000000008001ab84                tasks
                0x000000008001ab8c                wait
                0x000000008001ab94                exited
 .scommon       0x000000008001ab9c        0x0 kernel/pc/pid.o
 .scommon       0x000000008001ab9c        0x0 kernel/syscall/syscall.o
 .scommon       0x000000008001ab9c        0x0 kernel/syscall/syscall4.o
 .scommon       0x000000008001ab9c        0x0 kernel/time/time.o
 .scommon       0x000000008001ab9c        0x0 kernel/vfs/ext2.o
 .scommon       0x000000008001ab9c        0x4 kernel/vfs/fat32.o
                0x000000008001ab9c                tempp
 .scommon       0x000000008001aba0       0x14 kernel/vfs/vfs.o
                0x000000008001aba0                pwd_dentry
                0x000000008001aba4                MBR
                0x000000008001aba8                root_dentry
                0x000000008001abac                root_mnt
                0x000000008001abb0                pwd_mnt
 .scommon       0x000000008001abb4        0xc kernel/vfs/vfscache.o
                0x000000008001abb4                dcache
                0x000000008001abb8                pcache
                0x000000008001abbc                icache
 .scommon       0x000000008001abc0        0x0 kernel/vm/vm.o
 .scommon       0x000000008001abc0        0x0 usr/exec.o
 .scommon       0x000000008001abc0       0x1c usr/myvi.o
                0x000000008001abc0                cursor_location
                0x000000008001abc4                is_new_file
                0x000000008001abc8                page_end
                0x000000008001abcc                filename
                0x000000008001abd0                mode
                0x000000008001abd4                err
                0x000000008001abd8                pre_cursor_freq
 .scommon       0x000000008001abdc        0x4 usr/ps.o
                0x000000008001abdc                ps_buffer_index
                0x000000008001abe0                __sbss_end = .
                0x000000008001abe0                ___sbss_end = .

.bss            0x000000008001abe0    0x17d28
 *(.dynbss)
 *(.bss)
 .bss           0x000000008001abe0        0x0 arch/mips32/start.o
 .bss           0x000000008001abe0        0x0 arch/mips32/arch.o
 .bss           0x000000008001abe0        0x0 arch/mips32/exc.o
 .bss           0x000000008001abe0        0x0 arch/mips32/intr.o
 .bss           0x000000008001abe0        0x0 arch/mips32/page.o
 .bss           0x000000008001abe0      0x100 kernel/driver/ps2.o
 .bss           0x000000008001ace0        0x0 kernel/driver/sd.o
 .bss           0x000000008001ace0        0x0 kernel/driver/vga.o
 .bss           0x000000008001ace0        0x0 kernel/fs/fat/debug.o
 .bss           0x000000008001ace0        0x0 kernel/fs/fat/dir.o
 .bss           0x000000008001ace0        0x0 kernel/fs/fat/fat.o
 .bss           0x000000008001ace0        0x0 kernel/fs/fat/usr.o
 .bss           0x000000008001ace0        0x0 kernel/fs/fat/utils.o
 .bss           0x000000008001ace0        0x0 kernel/fs/fscache/fscache.o
 .bss           0x000000008001ace0        0x0 kernel/init.o
 .bss           0x000000008001ace0        0x0 kernel/lock/lock.o
 .bss           0x000000008001ace0        0x0 kernel/mm/mybootmm.o
 .bss           0x000000008001ace0        0x0 kernel/mm/mybuddy.o
 .bss           0x000000008001ace0        0x0 kernel/mm/myslab.o
 .bss           0x000000008001ace0        0x0 kernel/pc/enter_user_pc.o
 .bss           0x000000008001ace0        0x0 kernel/pc/page.o
 .bss           0x000000008001ace0        0x0 kernel/pc/pc.o
 .bss           0x000000008001ace0        0x0 kernel/pc/pid.o
 .bss           0x000000008001ace0        0x0 kernel/pc/switch_ex.o
 .bss           0x000000008001ace0        0x0 kernel/syscall/syscall.o
 .bss           0x000000008001ace0        0x0 kernel/syscall/syscall4.o
 .bss           0x000000008001ace0        0x0 kernel/time/time.o
 .bss           0x000000008001ace0        0x0 kernel/vfs/ext2.o
 .bss           0x000000008001ace0        0x0 kernel/vfs/fat32.o
 .bss           0x000000008001ace0        0x0 kernel/vfs/mount.o
 .bss           0x000000008001ace0        0x0 kernel/vfs/open.o
 .bss           0x000000008001ace0        0x0 kernel/vfs/read_write.o
 .bss           0x000000008001ace0        0x0 kernel/vfs/usr.o
 .bss           0x000000008001ace0        0x0 kernel/vfs/utils.o
 .bss           0x000000008001ace0        0x0 kernel/vfs/vfs.o
 .bss           0x000000008001ace0        0x0 kernel/vfs/vfscache.o
 .bss           0x000000008001ace0        0x0 kernel/vm/tlb.o
 .bss           0x000000008001ace0        0x0 kernel/vm/vm.o
 .bss           0x000000008001ace0        0x0 utils/assert.o
 .bss           0x000000008001ace0        0x0 utils/log.o
 .bss           0x000000008001ace0        0x0 utils/utils.o
 .bss           0x000000008001ace0        0x0 usr/exec.o
 .bss           0x000000008001ace0        0x0 usr/ls.o
 .bss           0x000000008001ace0       0x50 usr/myvi.o
                0x000000008001ace0                instruction
 .bss           0x000000008001ad30        0x0 usr/ps.o
 *(.bss.*)
 *(COMMON)
 COMMON         0x000000008001ad30       0xa0 arch/mips32/exc.o
                0x000000008001ad30                pidmap
                0x000000008001ad50                exceptions
 COMMON         0x000000008001add0       0x20 arch/mips32/intr.o
                0x000000008001add0                interrupts
 COMMON         0x000000008001adf0     0x4150 kernel/fs/fat/dir.o
                0x000000008001adf0                dir_find
 COMMON         0x000000008001ef40     0x2058 kernel/fs/fat/fat.o
                0x000000008001ef40                dir_data_buf
                0x000000008001f760                fat_info
                0x000000008001fb78                filename11
                0x000000008001fb88                new_alloc_empty
                0x0000000080020b88                fat_buf
 COMMON         0x0000000080020f98     0x4170 kernel/fs/fat/usr.o
                0x0000000080020f98                file_create
                0x00000000800250e8                mk_dir_buf
 COMMON         0x0000000080025108     0x8090 kernel/mm/mybootmm.o
                0x0000000080025108                bootmmmap
                0x000000008002d108                bmm
 COMMON         0x000000008002d198       0x54 kernel/mm/mybuddy.o
                0x000000008002d198                buddy
 COMMON         0x000000008002d1ec      0x150 kernel/mm/myslab.o
                0x000000008002d1ec                kmalloc_caches
 COMMON         0x000000008002d33c       0x30 kernel/pc/pc.o
                0x000000008002d33c                sched_back
                0x000000008002d35c                sched_time_cnt
 COMMON         0x000000008002d36c      0x400 kernel/syscall/syscall.o
                0x000000008002d36c                syscalls
 COMMON         0x000000008002d76c     0x4150 usr/exec.o
                0x000000008002d76c                file
 COMMON         0x00000000800318bc     0x1000 usr/myvi.o
                0x00000000800318bc                buffer
 COMMON         0x00000000800328bc       0x4c usr/ps.o
                0x00000000800328bc                lk
                0x00000000800328c8                ps_buffer
                0x0000000080032908                . = ALIGN (0x4)
                0x0000000080032908                . = ALIGN (0x4)
                0x0000000080032908                _end = .
                0x0000000080032908                PROVIDE (__end, .)
                0x0000000080032908                PROVIDE (end, .)

.stab
 *(.stab)

.stabstr
 *(.stabstr)

.stab.excl
 *(.stab.excl)

.stab.exclstr
 *(.stab.exclstr)

.stab.index
 *(.stab.index)

.stab.indexstr
 *(.stab.indexstr)

.comment        0x0000000000000000       0x44
 *(.comment)
 .comment       0x0000000000000000       0x44 arch/mips32/arch.o
                                         0x45 (size before relaxing)
 .comment       0x0000000000000044       0x45 arch/mips32/exc.o
 .comment       0x0000000000000044       0x45 arch/mips32/intr.o
 .comment       0x0000000000000044       0x45 arch/mips32/page.o
 .comment       0x0000000000000044       0x45 kernel/driver/ps2.o
 .comment       0x0000000000000044       0x45 kernel/driver/sd.o
 .comment       0x0000000000000044       0x45 kernel/driver/vga.o
 .comment       0x0000000000000044       0x45 kernel/fs/fat/debug.o
 .comment       0x0000000000000044       0x45 kernel/fs/fat/dir.o
 .comment       0x0000000000000044       0x45 kernel/fs/fat/fat.o
 .comment       0x0000000000000044       0x45 kernel/fs/fat/usr.o
 .comment       0x0000000000000044       0x45 kernel/fs/fat/utils.o
 .comment       0x0000000000000044       0x45 kernel/fs/fscache/fscache.o
 .comment       0x0000000000000044       0x45 kernel/init.o
 .comment       0x0000000000000044       0x45 kernel/lock/lock.o
 .comment       0x0000000000000044       0x45 kernel/mm/mybootmm.o
 .comment       0x0000000000000044       0x45 kernel/mm/mybuddy.o
 .comment       0x0000000000000044       0x45 kernel/mm/myslab.o
 .comment       0x0000000000000044       0x45 kernel/pc/page.o
 .comment       0x0000000000000044       0x45 kernel/pc/pc.o
 .comment       0x0000000000000044       0x45 kernel/pc/pid.o
 .comment       0x0000000000000044       0x45 kernel/syscall/syscall.o
 .comment       0x0000000000000044       0x45 kernel/syscall/syscall4.o
 .comment       0x0000000000000044       0x45 kernel/time/time.o
 .comment       0x0000000000000044       0x45 kernel/vfs/ext2.o
 .comment       0x0000000000000044       0x45 kernel/vfs/fat32.o
 .comment       0x0000000000000044       0x45 kernel/vfs/mount.o
 .comment       0x0000000000000044       0x45 kernel/vfs/open.o
 .comment       0x0000000000000044       0x45 kernel/vfs/read_write.o
 .comment       0x0000000000000044       0x45 kernel/vfs/usr.o
 .comment       0x0000000000000044       0x45 kernel/vfs/utils.o
 .comment       0x0000000000000044       0x45 kernel/vfs/vfs.o
 .comment       0x0000000000000044       0x45 kernel/vfs/vfscache.o
 .comment       0x0000000000000044       0x45 kernel/vm/vm.o
 .comment       0x0000000000000044       0x45 utils/assert.o
 .comment       0x0000000000000044       0x45 utils/log.o
 .comment       0x0000000000000044       0x45 utils/utils.o
 .comment       0x0000000000000044       0x45 usr/exec.o
 .comment       0x0000000000000044       0x45 usr/ls.o
 .comment       0x0000000000000044       0x45 usr/myvi.o
 .comment       0x0000000000000044       0x45 usr/ps.o

.gnu.attributes
                0x0000000000000000       0x10
 .gnu.attributes
                0x0000000000000000       0x10 arch/mips32/start.o
 .gnu.attributes
                0x0000000000000010       0x10 arch/mips32/arch.o
 .gnu.attributes
                0x0000000000000020       0x10 arch/mips32/exc.o
 .gnu.attributes
                0x0000000000000030       0x10 arch/mips32/intr.o
 .gnu.attributes
                0x0000000000000040       0x10 arch/mips32/page.o
 .gnu.attributes
                0x0000000000000050       0x10 kernel/driver/ps2.o
 .gnu.attributes
                0x0000000000000060       0x10 kernel/driver/sd.o
 .gnu.attributes
                0x0000000000000070       0x10 kernel/driver/vga.o
 .gnu.attributes
                0x0000000000000080       0x10 kernel/fs/fat/debug.o
 .gnu.attributes
                0x0000000000000090       0x10 kernel/fs/fat/dir.o
 .gnu.attributes
                0x00000000000000a0       0x10 kernel/fs/fat/fat.o
 .gnu.attributes
                0x00000000000000b0       0x10 kernel/fs/fat/usr.o
 .gnu.attributes
                0x00000000000000c0       0x10 kernel/fs/fat/utils.o
 .gnu.attributes
                0x00000000000000d0       0x10 kernel/fs/fscache/fscache.o
 .gnu.attributes
                0x00000000000000e0       0x10 kernel/init.o
 .gnu.attributes
                0x00000000000000f0       0x10 kernel/lock/lock.o
 .gnu.attributes
                0x0000000000000100       0x10 kernel/mm/mybootmm.o
 .gnu.attributes
                0x0000000000000110       0x10 kernel/mm/mybuddy.o
 .gnu.attributes
                0x0000000000000120       0x10 kernel/mm/myslab.o
 .gnu.attributes
                0x0000000000000130       0x10 kernel/pc/enter_user_pc.o
 .gnu.attributes
                0x0000000000000140       0x10 kernel/pc/page.o
 .gnu.attributes
                0x0000000000000150       0x10 kernel/pc/pc.o
 .gnu.attributes
                0x0000000000000160       0x10 kernel/pc/pid.o
 .gnu.attributes
                0x0000000000000170       0x10 kernel/pc/switch_ex.o
 .gnu.attributes
                0x0000000000000180       0x10 kernel/syscall/syscall.o
 .gnu.attributes
                0x0000000000000190       0x10 kernel/syscall/syscall4.o
 .gnu.attributes
                0x00000000000001a0       0x10 kernel/time/time.o
 .gnu.attributes
                0x00000000000001b0       0x10 kernel/vfs/ext2.o
 .gnu.attributes
                0x00000000000001c0       0x10 kernel/vfs/fat32.o
 .gnu.attributes
                0x00000000000001d0       0x10 kernel/vfs/mount.o
 .gnu.attributes
                0x00000000000001e0       0x10 kernel/vfs/open.o
 .gnu.attributes
                0x00000000000001f0       0x10 kernel/vfs/read_write.o
 .gnu.attributes
                0x0000000000000200       0x10 kernel/vfs/usr.o
 .gnu.attributes
                0x0000000000000210       0x10 kernel/vfs/utils.o
 .gnu.attributes
                0x0000000000000220       0x10 kernel/vfs/vfs.o
 .gnu.attributes
                0x0000000000000230       0x10 kernel/vfs/vfscache.o
 .gnu.attributes
                0x0000000000000240       0x10 kernel/vm/tlb.o
 .gnu.attributes
                0x0000000000000250       0x10 kernel/vm/vm.o
 .gnu.attributes
                0x0000000000000260       0x10 utils/assert.o
 .gnu.attributes
                0x0000000000000270       0x10 utils/log.o
 .gnu.attributes
                0x0000000000000280       0x10 utils/utils.o
 .gnu.attributes
                0x0000000000000290       0x10 usr/exec.o
 .gnu.attributes
                0x00000000000002a0       0x10 usr/ls.o
 .gnu.attributes
                0x00000000000002b0       0x10 usr/myvi.o
 .gnu.attributes
                0x00000000000002c0       0x10 usr/ps.o

.mdebug.abi32   0x0000000000000000        0x0
 .mdebug.abi32  0x0000000000000000        0x0 arch/mips32/arch.o
 .mdebug.abi32  0x0000000000000000        0x0 arch/mips32/exc.o
 .mdebug.abi32  0x0000000000000000        0x0 arch/mips32/intr.o
 .mdebug.abi32  0x0000000000000000        0x0 arch/mips32/page.o
 .mdebug.abi32  0x0000000000000000        0x0 kernel/driver/ps2.o
 .mdebug.abi32  0x0000000000000000        0x0 kernel/driver/sd.o
 .mdebug.abi32  0x0000000000000000        0x0 kernel/driver/vga.o
 .mdebug.abi32  0x0000000000000000        0x0 kernel/fs/fat/debug.o
 .mdebug.abi32  0x0000000000000000        0x0 kernel/fs/fat/dir.o
 .mdebug.abi32  0x0000000000000000        0x0 kernel/fs/fat/fat.o
 .mdebug.abi32  0x0000000000000000        0x0 kernel/fs/fat/usr.o
 .mdebug.abi32  0x0000000000000000        0x0 kernel/fs/fat/utils.o
 .mdebug.abi32  0x0000000000000000        0x0 kernel/fs/fscache/fscache.o
 .mdebug.abi32  0x0000000000000000        0x0 kernel/init.o
 .mdebug.abi32  0x0000000000000000        0x0 kernel/lock/lock.o
 .mdebug.abi32  0x0000000000000000        0x0 kernel/mm/mybootmm.o
 .mdebug.abi32  0x0000000000000000        0x0 kernel/mm/mybuddy.o
 .mdebug.abi32  0x0000000000000000        0x0 kernel/mm/myslab.o
 .mdebug.abi32  0x0000000000000000        0x0 kernel/pc/page.o
 .mdebug.abi32  0x0000000000000000        0x0 kernel/pc/pc.o
 .mdebug.abi32  0x0000000000000000        0x0 kernel/pc/pid.o
 .mdebug.abi32  0x0000000000000000        0x0 kernel/syscall/syscall.o
 .mdebug.abi32  0x0000000000000000        0x0 kernel/syscall/syscall4.o
 .mdebug.abi32  0x0000000000000000        0x0 kernel/time/time.o
 .mdebug.abi32  0x0000000000000000        0x0 kernel/vfs/ext2.o
 .mdebug.abi32  0x0000000000000000        0x0 kernel/vfs/fat32.o
 .mdebug.abi32  0x0000000000000000        0x0 kernel/vfs/mount.o
 .mdebug.abi32  0x0000000000000000        0x0 kernel/vfs/open.o
 .mdebug.abi32  0x0000000000000000        0x0 kernel/vfs/read_write.o
 .mdebug.abi32  0x0000000000000000        0x0 kernel/vfs/usr.o
 .mdebug.abi32  0x0000000000000000        0x0 kernel/vfs/utils.o
 .mdebug.abi32  0x0000000000000000        0x0 kernel/vfs/vfs.o
 .mdebug.abi32  0x0000000000000000        0x0 kernel/vfs/vfscache.o
 .mdebug.abi32  0x0000000000000000        0x0 kernel/vm/vm.o
 .mdebug.abi32  0x0000000000000000        0x0 utils/assert.o
 .mdebug.abi32  0x0000000000000000        0x0 utils/log.o
 .mdebug.abi32  0x0000000000000000        0x0 utils/utils.o
 .mdebug.abi32  0x0000000000000000        0x0 usr/exec.o
 .mdebug.abi32  0x0000000000000000        0x0 usr/ls.o
 .mdebug.abi32  0x0000000000000000        0x0 usr/myvi.o
 .mdebug.abi32  0x0000000000000000        0x0 usr/ps.o

.debug
 *(.debug)

.line
 *(.line)

.debug_srcinfo
 *(.debug_srcinfo)

.debug_sfnames
 *(.debug_sfnames)

.debug_aranges
 *(.debug_aranges)

.debug_pubnames
 *(.debug_pubnames)

.debug_info
 *(.debug_info)

.debug_abbrev
 *(.debug_abbrev)

.debug_line
 *(.debug_line)

.debug_frame
 *(.debug_frame)

.debug_str
 *(.debug_str)

.debug_loc
 *(.debug_loc)

.debug_macinfo
 *(.debug_macinfo)

.debug_weaknames
 *(.debug_weaknames)

.debug_funcnames
 *(.debug_funcnames)

.debug_typenames
 *(.debug_typenames)

.debug_varnames
 *(.debug_varnames)

/DISCARD/
 *(.reginfo)

.gptab.sdata
 *(.gptab.data)
 *(.gptab.sdata)

.gptab.sbss
 *(.gptab.bss)
 *(.gptab.sbss)

.pdr            0x0000000000000000     0x2b00
 *(.pdr)
 .pdr           0x0000000000000000        0x0 arch/mips32/start.o
 .pdr           0x0000000000000000       0x20 arch/mips32/arch.o
 .pdr           0x0000000000000020       0x80 arch/mips32/exc.o
 .pdr           0x00000000000000a0       0xa0 arch/mips32/intr.o
 .pdr           0x0000000000000140       0x20 arch/mips32/page.o
 .pdr           0x0000000000000160       0xe0 kernel/driver/ps2.o
 .pdr           0x0000000000000240       0xa0 kernel/driver/sd.o
 .pdr           0x00000000000002e0      0x160 kernel/driver/vga.o
 .pdr           0x0000000000000440        0x0 kernel/fs/fat/debug.o
 .pdr           0x0000000000000440       0x40 kernel/fs/fat/dir.o
 .pdr           0x0000000000000480      0x2a0 kernel/fs/fat/fat.o
 .pdr           0x0000000000000720       0x80 kernel/fs/fat/usr.o
 .pdr           0x00000000000007a0      0x120 kernel/fs/fat/utils.o
 .pdr           0x00000000000008c0      0x100 kernel/fs/fscache/fscache.o
 .pdr           0x00000000000009c0       0x60 kernel/init.o
 .pdr           0x0000000000000a20       0x80 kernel/lock/lock.o
 .pdr           0x0000000000000aa0      0x140 kernel/mm/mybootmm.o
 .pdr           0x0000000000000be0      0x1a0 kernel/mm/mybuddy.o
 .pdr           0x0000000000000d80      0x240 kernel/mm/myslab.o
 .pdr           0x0000000000000fc0        0x0 kernel/pc/enter_user_pc.o
 .pdr           0x0000000000000fc0       0x40 kernel/pc/page.o
 .pdr           0x0000000000001000      0x540 kernel/pc/pc.o
 .pdr           0x0000000000001540       0x80 kernel/pc/pid.o
 .pdr           0x00000000000015c0        0x0 kernel/pc/switch_ex.o
 .pdr           0x00000000000015c0       0x60 kernel/syscall/syscall.o
 .pdr           0x0000000000001620       0x20 kernel/syscall/syscall4.o
 .pdr           0x0000000000001640       0x60 kernel/time/time.o
 .pdr           0x00000000000016a0      0x200 kernel/vfs/ext2.o
 .pdr           0x00000000000018a0      0x1e0 kernel/vfs/fat32.o
 .pdr           0x0000000000001a80       0x60 kernel/vfs/mount.o
 .pdr           0x0000000000001ae0      0x220 kernel/vfs/open.o
 .pdr           0x0000000000001d00      0x100 kernel/vfs/read_write.o
 .pdr           0x0000000000001e00       0xc0 kernel/vfs/usr.o
 .pdr           0x0000000000001ec0      0x140 kernel/vfs/utils.o
 .pdr           0x0000000000002000       0x40 kernel/vfs/vfs.o
 .pdr           0x0000000000002040      0x320 kernel/vfs/vfscache.o
 .pdr           0x0000000000002360        0x0 kernel/vm/tlb.o
 .pdr           0x0000000000002360      0x1a0 kernel/vm/vm.o
 .pdr           0x0000000000002500       0x20 utils/assert.o
 .pdr           0x0000000000002520       0xa0 utils/log.o
 .pdr           0x00000000000025c0      0x140 utils/utils.o
 .pdr           0x0000000000002700       0x20 usr/exec.o
 .pdr           0x0000000000002720       0x80 usr/ls.o
 .pdr           0x00000000000027a0      0x280 usr/myvi.o
 .pdr           0x0000000000002a20       0xe0 usr/ps.o
LOAD arch/mips32/start.o
LOAD arch/mips32/arch.o
LOAD arch/mips32/exc.o
LOAD arch/mips32/intr.o
LOAD arch/mips32/page.o
LOAD kernel/driver/ps2.o
LOAD kernel/driver/sd.o
LOAD kernel/driver/vga.o
LOAD kernel/fs/fat/debug.o
LOAD kernel/fs/fat/dir.o
LOAD kernel/fs/fat/fat.o
LOAD kernel/fs/fat/usr.o
LOAD kernel/fs/fat/utils.o
LOAD kernel/fs/fscache/fscache.o
LOAD kernel/init.o
LOAD kernel/lock/lock.o
LOAD kernel/mm/mybootmm.o
LOAD kernel/mm/mybuddy.o
LOAD kernel/mm/myslab.o
LOAD kernel/pc/enter_user_pc.o
LOAD kernel/pc/page.o
LOAD kernel/pc/pc.o
LOAD kernel/pc/pid.o
LOAD kernel/pc/switch_ex.o
LOAD kernel/syscall/syscall.o
LOAD kernel/syscall/syscall4.o
LOAD kernel/time/time.o
LOAD kernel/vfs/ext2.o
LOAD kernel/vfs/fat32.o
LOAD kernel/vfs/mount.o
LOAD kernel/vfs/open.o
LOAD kernel/vfs/read_write.o
LOAD kernel/vfs/usr.o
LOAD kernel/vfs/utils.o
LOAD kernel/vfs/vfs.o
LOAD kernel/vfs/vfscache.o
LOAD kernel/vm/tlb.o
LOAD kernel/vm/vm.o
LOAD utils/assert.o
LOAD utils/log.o
LOAD utils/utils.o
LOAD usr/exec.o
LOAD usr/ls.o
LOAD usr/myvi.o
LOAD usr/ps.o
OUTPUT(kernel.elf elf32-tradlittlemips)
